 misc

 Timestamp is 667c5c79 (Wed Jun 26 12:22:49 2024)

 Preferred load address is 10000000

 Start         Length     Name                   Class
 0001:00000000 000000a0H .text$di                CODE
 0001:000000a0 00020290H .text$mn                CODE
 0001:00020330 00002960H .text$x                 CODE
 0001:00022c90 00000172H .text$yd                CODE
 0002:00000000 00000298H .idata$5                DATA
 0002:00000298 00000004H .00cfg                  DATA
 0002:0000029c 00000004H .CRT$XCA                DATA
 0002:000002a0 00000004H .CRT$XCL                DATA
 0002:000002a4 00000018H .CRT$XCU                DATA
 0002:000002bc 00000004H .CRT$XCZ                DATA
 0002:000002c0 00000004H .CRT$XIA                DATA
 0002:000002c4 00000004H .CRT$XIC                DATA
 0002:000002c8 00000004H .CRT$XIU                DATA
 0002:000002cc 00000004H .CRT$XIZ                DATA
 0002:000002d0 00000004H .CRT$XLA                DATA
 0002:000002d4 00000004H .CRT$XLC                DATA
 0002:000002d8 00000004H .CRT$XLZ                DATA
 0002:000002dc 00000004H .CRT$XPA                DATA
 0002:000002e0 00000004H .CRT$XPZ                DATA
 0002:000002e4 00000004H .CRT$XTA                DATA
 0002:000002e8 00000004H .CRT$XTU                DATA
 0002:000002ec 00000004H .CRT$XTZ                DATA
 0002:000002f0 00000000H .gfids$y                DATA
 0002:000002f0 00001450H .rdata                  DATA
 0002:00001740 00000000H .rdata$CastGuardVftablesA DATA
 0002:00001740 00000000H .rdata$CastGuardVftablesC DATA
 0002:00001740 00000018H .rdata$T                DATA
 0002:00001758 00001c94H .rdata$r                DATA
 0002:000033ec 000002d0H .rdata$sxdata           DATA
 0002:000036bc 00000044H .rdata$voltmd           DATA
 0002:00003700 00000414H .rdata$zzzdbg           DATA
 0002:00003b14 00000004H .rtc$IAA                DATA
 0002:00003b18 00000004H .rtc$IZZ                DATA
 0002:00003b1c 00000004H .rtc$TAA                DATA
 0002:00003b20 00000004H .rtc$TZZ                DATA
 0002:00003b24 00000004H .tls                    DATA
 0002:00003b28 00000004H .tls$                   DATA
 0002:00003b2c 00000004H .tls$ZZZ                DATA
 0002:00003b30 00003e80H .xdata$x                DATA
 0002:000079b0 0000ce50H .edata                  DATA
 0002:00014800 000000b4H .idata$2                DATA
 0002:000148b4 00000014H .idata$3                DATA
 0002:000148c8 00000298H .idata$4                DATA
 0002:00014b60 00001760H .idata$6                DATA
 0003:00000000 00000030H .data                   DATA
 0003:00000030 00000898H .data$r                 DATA
 0003:000008c8 00000a60H .data$rs                DATA
 0003:00001328 000005b0H .bss                    DATA
 0004:00000000 000000a0H .rsrc$01                DATA
 0004:000000a0 000004d8H .rsrc$02                DATA

  Address         Publics by Value              Rva+Base       Lib:Object

 0000:00000000       ___arm64x_native_entrypoint 00000000     <absolute>
 0000:00000000       ___guard_longjmp_table     00000000     <absolute>
 0000:00000000       ___arm64x_extra_rfe_table  00000000     <absolute>
 0000:00000000       ___arm64x_redirection_metadata 00000000     <absolute>
 0000:00000000       ___guard_eh_cont_table     00000000     <absolute>
 0000:00000000       ___guard_eh_cont_count     00000000     <absolute>
 0000:00000000       ___guard_iat_count         00000000     <absolute>
 0000:00000000       ___hybrid_code_map_count   00000000     <absolute>
 0000:00000000       ___x64_code_ranges_to_entry_points 00000000     <absolute>
 0000:00000000       ___x64_code_ranges_to_entry_points_count 00000000     <absolute>
 0000:00000000       ___guard_iat_table         00000000     <absolute>
 0000:00000000       ___guard_fids_count        00000000     <absolute>
 0000:00000000       ___hybrid_code_map         00000000     <absolute>
 0000:00000000       ___arm64x_extra_rfe_table_size 00000000     <absolute>
 0000:00000000       ___guard_longjmp_count     00000000     <absolute>
 0000:00000000       ___guard_check_icall_a64n_fptr 00000000     <absolute>
 0000:00000000       ___arm64x_redirection_metadata_count 00000000     <absolute>
 0000:00000000       ___hybrid_auxiliary_iat    00000000     <absolute>
 0000:00000000       ___dynamic_value_reloc_table 00000000     <absolute>
 0000:00000000       ___AbsoluteZero            00000000     <absolute>
 0000:00000000       ___enclave_config          00000000     <absolute>
 0000:00000000       ___guard_fids_table        00000000     <absolute>
 0000:00000000       ___hybrid_auxiliary_iat_copy 00000000     <absolute>
 0000:0000002c       __tls_array                0000002c     <absolute>
 0000:000000b4       ___safe_se_handler_count   000000b4     <absolute>
 0000:00000100       ___guard_flags             00000100     <absolute>
 0000:00000000       ___ImageBase               10000000     <linker-defined>
 0001:000000a0       ___local_stdio_printf_options 100010a0 f i misc.obj
 0001:000000b0       ??0exception@std@@QAE@ABV01@@Z 100010b0 f i misc.obj
 0001:000000e0       ?what@exception@std@@UBEPBDXZ 100010e0 f i misc.obj
 0001:000000f0       ??_Gbad_alloc@std@@UAEPAXI@Z 100010f0 f i misc.obj
 0001:000000f0       ??_Ebad_day_of_month@gregorian@boost@@UAEPAXI@Z 100010f0 f i * CIL library *:* CIL module *
 0001:000000f0       ??_Ebad_year@gregorian@boost@@UAEPAXI@Z 100010f0 f i * CIL library *:* CIL module *
 0001:000000f0       ??_Gbad_month@gregorian@boost@@UAEPAXI@Z 100010f0 f i misc.obj
 0001:000000f0       ??_Gruntime_error@std@@UAEPAXI@Z 100010f0 f i misc.obj
 0001:000000f0       ??_Gout_of_range@std@@UAEPAXI@Z 100010f0 f i misc.obj
 0001:000000f0       ??_Gbad_exception@std@@UAEPAXI@Z 100010f0 f i misc.obj
 0001:000000f0       ??_Ebad_array_new_length@std@@UAEPAXI@Z 100010f0 f i * CIL library *:* CIL module *
 0001:000000f0       ??_Eformat_error@io@boost@@UAEPAXI@Z 100010f0 f i * CIL library *:* CIL module *
 0001:000000f0       ??_Ebad_exception@std@@UAEPAXI@Z 100010f0 f i * CIL library *:* CIL module *
 0001:000000f0       ??_Gbad_day_of_month@gregorian@boost@@UAEPAXI@Z 100010f0 f i misc.obj
 0001:000000f0       ??_Ebad_alloc@std@@UAEPAXI@Z 100010f0 f i * CIL library *:* CIL module *
 0001:000000f0       ??_Ebad_month@gregorian@boost@@UAEPAXI@Z 100010f0 f i * CIL library *:* CIL module *
 0001:000000f0       ??_Eout_of_range@std@@UAEPAXI@Z 100010f0 f i * CIL library *:* CIL module *
 0001:000000f0       ??_Gformat_error@io@boost@@UAEPAXI@Z 100010f0 f i misc.obj
 0001:000000f0       ??_Gbad_year@gregorian@boost@@UAEPAXI@Z 100010f0 f i misc.obj
 0001:000000f0       ??_Eruntime_error@std@@UAEPAXI@Z 100010f0 f i * CIL library *:* CIL module *
 0001:000000f0       ??_Ebad_cast@std@@UAEPAXI@Z 100010f0 f i * CIL library *:* CIL module *
 0001:000000f0       ??_Glogic_error@std@@UAEPAXI@Z 100010f0 f i misc.obj
 0001:000000f0       ??_Gbad_cast@std@@UAEPAXI@Z 100010f0 f i misc.obj
 0001:000000f0       ??_Gexception@std@@UAEPAXI@Z 100010f0 f i misc.obj
 0001:000000f0       ??_Eexception@std@@UAEPAXI@Z 100010f0 f i * CIL library *:* CIL module *
 0001:000000f0       ??_Gbad_array_new_length@std@@UAEPAXI@Z 100010f0 f i misc.obj
 0001:000000f0       ??_Elogic_error@std@@UAEPAXI@Z 100010f0 f i * CIL library *:* CIL module *
 0001:00000120       ??0bad_alloc@std@@QAE@XZ   10001120 f i misc.obj
 0001:00000140       ??1bad_format_string@io@boost@@UAE@XZ 10001140 f i misc.obj
 0001:00000140       ??1runtime_error@std@@UAE@XZ 10001140 f i misc.obj
 0001:00000140       ??1bad_year@gregorian@boost@@UAE@XZ 10001140 f i misc.obj
 0001:00000140       ??1bad_cast@std@@UAE@XZ    10001140 f i misc.obj
 0001:00000140       ??1bad_lexical_cast@boost@@UAE@XZ 10001140 f i misc.obj
 0001:00000140       ??1bad_month@gregorian@boost@@UAE@XZ 10001140 f i misc.obj
 0001:00000140       ??1bad_alloc@std@@UAE@XZ   10001140 f i misc.obj
 0001:00000140       ??1bad_day_of_month@gregorian@boost@@UAE@XZ 10001140 f i misc.obj
 0001:00000140       ??1too_many_args@io@boost@@UAE@XZ 10001140 f i misc.obj
 0001:00000140       ??1too_few_args@io@boost@@UAE@XZ 10001140 f i misc.obj
 0001:00000140       ??1bad_array_new_length@std@@UAE@XZ 10001140 f i misc.obj
 0001:00000160       ??0bad_array_new_length@std@@QAE@XZ 10001160 f i misc.obj
 0001:00000180       ?_Throw_bad_array_new_length@std@@YAXXZ 10001180 f i misc.obj
 0001:000001a0       ??0bad_array_new_length@std@@QAE@ABV01@@Z 100011a0 f i misc.obj
 0001:000001e0       ??0bad_alloc@std@@QAE@ABV01@@Z 100011e0 f i misc.obj
 0001:00000220       ?_Xlen_string@std@@YAXXZ   10001220 f i misc.obj
 0001:00000230       ??0runtime_error@std@@QAE@PBD@Z 10001230 f i misc.obj
 0001:00000280       ??0runtime_error@std@@QAE@ABV01@@Z 10001280 f i misc.obj
 0001:000002c0       ??0bad_cast@std@@QAE@XZ    100012c0 f i misc.obj
 0001:000002e0       ?_Throw_bad_cast@std@@YAXXZ 100012e0 f i misc.obj
 0001:00000300       ??0bad_cast@std@@QAE@ABV01@@Z 10001300 f i misc.obj
 0001:00000340       ?get_deleter@?$sp_counted_impl_p@V?$clone_impl@Ubad_exception_@exception_detail@boost@@@exception_detail@boost@@@detail@boost@@UAEPAXABVtype_info@@@Z 10001340 f i misc.obj
 0001:00000340       ?get_local_deleter@?$sp_counted_impl_p@V?$clone_impl@Ubad_exception_@exception_detail@boost@@@exception_detail@boost@@@detail@boost@@UAEPAXABVtype_info@@@Z 10001340 f i misc.obj
 0001:00000340       ?_Get_deleter@_Ref_count_base@std@@UBEPAXABVtype_info@@@Z 10001340 f i misc.obj
 0001:00000340       ?get_deleter@?$sp_counted_impl_p@V?$clone_impl@Ubad_alloc_@exception_detail@boost@@@exception_detail@boost@@@detail@boost@@UAEPAXABVtype_info@@@Z 10001340 f i misc.obj
 0001:00000340       ?get_local_deleter@?$sp_counted_impl_p@V?$clone_impl@Ubad_alloc_@exception_detail@boost@@@exception_detail@boost@@@detail@boost@@UAEPAXABVtype_info@@@Z 10001340 f i misc.obj
 0001:00000350       ??1locale@std@@QAE@XZ      10001350 f i misc.obj
 0001:00000370       ?name@locale@std@@QBE?AV?$basic_string@DU?$char_traits@D@std@@V?$allocator@D@2@@2@XZ 10001370 f i misc.obj
 0001:00000500       ??8locale@std@@QBE_NABV01@@Z 10001500 f i misc.obj
 0001:000006d0       ??$_Maklocstr@_W@std@@YAPA_WPBDPA_WABU_Cvtvec@@@Z 100016d0 f i misc.obj
 0001:00000790       ??1clone_base@exception_detail@boost@@UAE@XZ 10001790 f i misc.obj
 0001:000007a0       ??_Eclone_base@exception_detail@boost@@UAEPAXI@Z 100017a0 f i * CIL library *:* CIL module *
 0001:000007a0       ??_Gclone_base@exception_detail@boost@@UAEPAXI@Z 100017a0 f i misc.obj
 0001:000007d0       ?copy_boost_exception@exception_detail@boost@@YAXPAVexception@2@PBV32@@Z 100017d0 f i misc.obj
 0001:000008a0       ??0bad_day_of_month@gregorian@boost@@QAE@XZ 100018a0 f i misc.obj
 0001:00000990       ??0bad_day_of_month@gregorian@boost@@QAE@ABV?$basic_string@DU?$char_traits@D@std@@V?$allocator@D@2@@std@@@Z 10001990 f i misc.obj
 0001:000009e0       ??0bad_year@gregorian@boost@@QAE@XZ 100019e0 f i misc.obj
 0001:00000ad0       ??0bad_month@gregorian@boost@@QAE@XZ 10001ad0 f i misc.obj
 0001:00000bc0       ??Zdate_duration@gregorian@boost@@QAEAAV012@ABV012@@Z 10001bc0 f i misc.obj
 0001:00000c70       ??Ydate_duration@gregorian@boost@@QAEAAV012@ABV012@@Z 10001c70 f i misc.obj
 0001:00000d20       ??_0date_duration@gregorian@boost@@QAEAAV012@H@Z 10001d20 f i misc.obj
 0001:00000e00       ??0date@gregorian@boost@@QAE@Vgreg_year@12@Vgreg_month@12@Vgreg_day@12@@Z 10001e00 f i misc.obj
 0001:00000f10       ??0date@gregorian@boost@@QAE@W4special_values@date_time@2@@Z 10001f10 f i misc.obj
 0001:00000fd0       ?localtime@c_time@date_time@boost@@SAPAUtm@@PB_JPAU4@@Z 10001fd0 f i misc.obj
 0001:00001030       ??0time_duration@posix_time@boost@@QAE@_J000@Z 10002030 f i misc.obj
 0001:00001180       ??0time_duration@posix_time@boost@@QAE@W4special_values@date_time@2@@Z 10002180 f i misc.obj
 0001:00001200       ??0ptime@posix_time@boost@@QAE@Vdate@gregorian@2@@Z 10002200 f i misc.obj
 0001:00001240       ??0ptime@posix_time@boost@@QAE@XZ 10002240 f i misc.obj
 0001:00001280       ?_Throw_tree_length_error@std@@YAXXZ 10002280 f i misc.obj
 0001:00001290       ?what@bad_lexical_cast@boost@@UBEPBDXZ 10002290 f i misc.obj
 0001:000012a0       ??0bad_lexical_cast@boost@@QAE@ABVtype_info@@0@Z 100022a0 f i misc.obj
 0001:000012d0       ??_Etoo_few_args@io@boost@@UAEPAXI@Z 100022d0 f i * CIL library *:* CIL module *
 0001:000012d0       ??_Gbad_lexical_cast@boost@@UAEPAXI@Z 100022d0 f i misc.obj
 0001:000012d0       ??_Gtoo_many_args@io@boost@@UAEPAXI@Z 100022d0 f i misc.obj
 0001:000012d0       ??_Ebad_format_string@io@boost@@UAEPAXI@Z 100022d0 f i * CIL library *:* CIL module *
 0001:000012d0       ??_Ebad_lexical_cast@boost@@UAEPAXI@Z 100022d0 f i * CIL library *:* CIL module *
 0001:000012d0       ??_Gtoo_few_args@io@boost@@UAEPAXI@Z 100022d0 f i misc.obj
 0001:000012d0       ??_Gbad_format_string@io@boost@@UAEPAXI@Z 100022d0 f i misc.obj
 0001:000012d0       ??_Etoo_many_args@io@boost@@UAEPAXI@Z 100022d0 f i * CIL library *:* CIL module *
 0001:00001300       ?destroy@sp_counted_base@detail@boost@@UAEXXZ 10002300 f i misc.obj
 0001:00001310       ??_Esp_counted_base@detail@boost@@UAEPAXI@Z 10002310 f i * CIL library *:* CIL module *
 0001:00001310       ??_Gsp_counted_base@detail@boost@@UAEPAXI@Z 10002310 f i misc.obj
 0001:00001340       ??1shared_count@detail@boost@@QAE@XZ 10002340 f i misc.obj
 0001:00001380       ?dispose@?$sp_counted_impl_pd@PAV?$basic_altstringbuf@_WU?$char_traits@_W@std@@V?$allocator@_W@2@@io@boost@@VNo_Op@?$basic_oaltstringstream@_WU?$char_traits@_W@std@@V?$allocator@_W@2@@23@@detail@boost@@UAEXXZ 10002380 f i misc.obj
 0001:00001380       ?on_process_enter@boost@@YAXXZ 10002380 f i libboost_thread-vc142-mt-x32-1_80:thread.obj
 0001:00001380       @_guard_check_icall_nop@4  10002380 f i MSVCRT:guard_support.obj
 0001:00001380       ??$call_put_head@_WU?$char_traits@_W@std@@$$CBV?$basic_string@_WU?$char_traits@_W@std@@V?$allocator@_W@2@@2@@detail@io@boost@@YAXAAV?$basic_ostream@_WU?$char_traits@_W@std@@@std@@PBX@Z 10002380 f i misc.obj
 0001:00001380       ??$call_put_head@_WU?$char_traits@_W@std@@$$CBI@detail@io@boost@@YAXAAV?$basic_ostream@_WU?$char_traits@_W@std@@@std@@PBX@Z 10002380 f i misc.obj
 0001:00001380       ?sp_enable_shared_from_this@detail@boost@@YAXZZ 10002380 f i misc.obj
 0001:00001380       ?tss_cleanup_implemented@boost@@YAXXZ 10002380 f i libboost_thread-vc142-mt-x32-1_80:tss_pe.obj
 0001:00001390       ?split@date_time@boost@@YA_NABV?$basic_string@DU?$char_traits@D@std@@V?$allocator@D@2@@std@@DAAV34@1@Z 10002390 f i misc.obj
 0001:00001530       ??1bad_alloc_@exception_detail@boost@@UAE@XZ 10002530 f i misc.obj
 0001:000015b0       ??_Gbad_alloc_@exception_detail@boost@@UAEPAXI@Z 100025b0 f i misc.obj
 0001:000015b0       ??_Ebad_alloc_@exception_detail@boost@@UAEPAXI@Z 100025b0 f i * CIL library *:* CIL module *
 0001:00001640       ??1bad_exception_@exception_detail@boost@@UAE@XZ 10002640 f i misc.obj
 0001:000016c0       ??_Gbad_exception_@exception_detail@boost@@UAEPAXI@Z 100026c0 f i misc.obj
 0001:000016c0       ??_Ebad_exception_@exception_detail@boost@@UAEPAXI@Z 100026c0 f i * CIL library *:* CIL module *
 0001:00001750       ??0exception@boost@@QAE@ABV01@@Z 10002750 f i misc.obj
 0001:000017a0       ?s2ws@yloader@@YA?AV?$basic_string@_WU?$char_traits@_W@std@@V?$allocator@_W@2@@std@@PBD@Z 100027a0 f i misc.obj
 0001:00001930       ?ws2s@yloader@@YA?AV?$basic_string@DU?$char_traits@D@std@@V?$allocator@D@2@@std@@ABV?$basic_string@_WU?$char_traits@_W@std@@V?$allocator@_W@2@@3@@Z 10002930 f i misc.obj
 0001:00001ac0       ??_GTimeDurationAbstr@yloader@@UAEPAXI@Z 10002ac0 f i misc.obj
 0001:00001ac0       ??_ETimeDurationAbstr@yloader@@UAEPAXI@Z 10002ac0 f i * CIL library *:* CIL module *
 0001:00001af0       ??_EDateDurationAbstr@yloader@@UAEPAXI@Z 10002af0 f i * CIL library *:* CIL module *
 0001:00001af0       ??_GDateDurationAbstr@yloader@@UAEPAXI@Z 10002af0 f i misc.obj
 0001:00001b20       ??1DateAbstr@yloader@@UAE@XZ 10002b20 f i misc.obj
 0001:00001b30       ??_EDateAbstr@yloader@@UAEPAXI@Z 10002b30 f i * CIL library *:* CIL module *
 0001:00001b30       ??_GDateAbstr@yloader@@UAEPAXI@Z 10002b30 f i misc.obj
 0001:00001b60       ??1DateTimeAbstr@yloader@@UAE@XZ 10002b60 f i misc.obj
 0001:00001b70       ??_GDateTimeAbstr@yloader@@UAEPAXI@Z 10002b70 f i misc.obj
 0001:00001b70       ??_EDateTimeAbstr@yloader@@UAEPAXI@Z 10002b70 f i * CIL library *:* CIL module *
 0001:00001ba0       ??_D?$basic_ostringstream@_WU?$char_traits@_W@std@@V?$allocator@_W@2@@std@@QAEXXZ 10002ba0 f i misc.obj
 0001:00001be0       ??0DateException@yloader@@QAE@ABV?$basic_string@_WU?$char_traits@_W@std@@V?$allocator@_W@2@@std@@0@Z 10002be0 f i misc.obj
 0001:00001c40       ??_ETimerAbstr@yloader@@UAEPAXI@Z 10002c40 f i * CIL library *:* CIL module *
 0001:00001c40       ??_GTimerAbstr@yloader@@UAEPAXI@Z 10002c40 f i misc.obj
 0001:00001c70       ??0VersionException@yloader@@QAE@ABV01@@Z 10002c70 f i misc.obj
 0001:00001c70       ??0VersionException@yloader@@QAE@ABV?$basic_string@_WU?$char_traits@_W@std@@V?$allocator@_W@2@@std@@@Z 10002c70 f i misc.obj
 0001:00001c90       ?major@Version@yloader@@QBEIXZ 10002c90 f i misc.obj
 0001:00001ca0       ?size@?$_Tree@V?$_Tmap_traits@V?$basic_string@_WU?$char_traits@_W@std@@V?$allocator@_W@2@@std@@V?$shared_ptr@VNameValue@yloader@@@2@U?$less@V?$basic_string@_WU?$char_traits@_W@std@@V?$allocator@_W@2@@std@@@2@V?$allocator@U?$pair@$$CBV?$basic_string@_WU?$char_traits@_W@std@@V?$allocator@_W@2@@std@@V?$shared_ptr@VNameValue@yloader@@@2@@std@@@2@$00@std@@@std@@QBEIXZ 10002ca0 f i namevalue.obj
 0001:00001ca0       ?days@DateDurationImpl@@UBEJXZ 10002ca0 f i misc.obj
 0001:00001ca0       ?minor@Version@yloader@@QBEIXZ 10002ca0 f i misc.obj
 0001:00001cb0       ?revision@Version@yloader@@QBEIXZ 10002cb0 f i misc.obj
 0001:00001cc0       ?build@Version@yloader@@QBEIXZ 10002cc0 f i misc.obj
 0001:00001cd0       ??OVersion@yloader@@QAE_NABV01@@Z 10002cd0 f i misc.obj
 0001:00001d10       ??BVersion@yloader@@QBE_NXZ 10002d10 f i misc.obj
 0001:00001d20       ?toShortString@Version@yloader@@QBE?AV?$basic_string@_WU?$char_traits@_W@std@@V?$allocator@_W@2@@std@@XZ 10002d20 f i misc.obj
 0001:00001df0       ?toString@Version@yloader@@QBE?AV?$basic_string@_WU?$char_traits@_W@std@@V?$allocator@_W@2@@std@@XZ 10002df0 f i misc.obj
 0001:00001f40       ??4Version@yloader@@QAEAAV01@ABV01@@Z 10002f40 f i misc.obj
 0001:00001f50       ??4Version@yloader@@QAEAAV01@$$QAV01@@Z 10002f50 f i misc.obj
 0001:00001f70       ?what@format_error@io@boost@@UBEPBDXZ 10002f70 f i misc.obj
 0001:00001f80       ??0bad_format_string@io@boost@@QAE@II@Z 10002f80 f i misc.obj
 0001:00001fb0       ?what@bad_format_string@io@boost@@UBEPBDXZ 10002fb0 f i misc.obj
 0001:00001fc0       ??0too_few_args@io@boost@@QAE@II@Z 10002fc0 f i misc.obj
 0001:00001ff0       ?what@too_few_args@io@boost@@UBEPBDXZ 10002ff0 f i misc.obj
 0001:00002000       ??0too_many_args@io@boost@@QAE@II@Z 10003000 f i misc.obj
 0001:00002030       ?what@too_many_args@io@boost@@UBEPBDXZ 10003030 f i misc.obj
 0001:00002040       _DllMain@12                10003040 f   misc.obj
 0001:00002050       ?tsprint@yloader@@YAAAV?$basic_ostream@_WU?$char_traits@_W@std@@@std@@ABV?$basic_string@_WU?$char_traits@_W@std@@V?$allocator@_W@2@@3@AAV23@@Z 10003050 f   misc.obj
 0001:000020e0       ?tsprint@yloader@@YAAAV?$basic_ostream@_WU?$char_traits@_W@std@@@std@@ABV?$basic_ostringstream@_WU?$char_traits@_W@std@@V?$allocator@_W@2@@3@AAV23@@Z 100030e0 f   misc.obj
 0001:00002190       ?is_negative@DateDurationImpl@@UBE_NXZ 10003190 f i misc.obj
 0001:000021b0       ??8DateDurationImpl@@UBE_NABVDateDurationAbstr@yloader@@@Z 100031b0 f i misc.obj
 0001:00002230       ??9DateDurationImpl@@UBE_NABVDateDurationAbstr@yloader@@@Z 10003230 f i misc.obj
 0001:000022b0       ??ODateDurationImpl@@UBE_NABVDateDurationAbstr@yloader@@@Z 100032b0 f i misc.obj
 0001:00002360       ??MDateDurationImpl@@UBE_NABVDateDurationAbstr@yloader@@@Z 10003360 f i misc.obj
 0001:000023e0       ??PDateDurationImpl@@UBE_NABVDateDurationAbstr@yloader@@@Z 100033e0 f i misc.obj
 0001:00002460       ??NDateDurationImpl@@UBE_NABVDateDurationAbstr@yloader@@@Z 10003460 f i misc.obj
 0001:00002510       ??HDateDurationImpl@@UBE?AV?$shared_ptr@VDateDurationAbstr@yloader@@@std@@ABVDateDurationAbstr@yloader@@@Z 10003510 f i misc.obj
 0001:000025d0       ??GDateDurationImpl@@UBE?AV?$shared_ptr@VDateDurationAbstr@yloader@@@std@@ABVDateDurationAbstr@yloader@@@Z 100035d0 f i misc.obj
 0001:00002690       ??KDateDurationImpl@@UAE?AV?$shared_ptr@VDateDurationAbstr@yloader@@@std@@H@Z 10003690 f i misc.obj
 0001:00002730       ??ZDateDurationImpl@@UAE?AV?$shared_ptr@VDateDurationAbstr@yloader@@@std@@ABVDateDurationAbstr@yloader@@@Z 10003730 f i misc.obj
 0001:000027f0       ??YDateDurationImpl@@UAE?AV?$shared_ptr@VDateDurationAbstr@yloader@@@std@@ABVDateDurationAbstr@yloader@@@Z 100037f0 f i misc.obj
 0001:000028b0       ??_0DateDurationImpl@@UAE?AV?$shared_ptr@VDateDurationAbstr@yloader@@@std@@H@Z 100038b0 f i misc.obj
 0001:00002950       ??_GDateDurationImpl@@UAEPAXI@Z 10003950 f i misc.obj
 0001:00002950       ??_EDateDurationImpl@@UAEPAXI@Z 10003950 f i * CIL library *:* CIL module *
 0001:00002980       ?to_simple_string@DateImpl@@UBE?AV?$basic_string@_WU?$char_traits@_W@std@@V?$allocator@_W@2@@std@@XZ 10003980 f i misc.obj
 0001:000029a0       ?to_iso_string@DateImpl@@UBE?AV?$basic_string@_WU?$char_traits@_W@std@@V?$allocator@_W@2@@std@@XZ 100039a0 f i misc.obj
 0001:000029c0       ?to_iso_extended_string@DateImpl@@UBE?AV?$basic_string@_WU?$char_traits@_W@std@@V?$allocator@_W@2@@std@@XZ 100039c0 f i misc.obj
 0001:00002b00       ?year@DateImpl@@UBEGXZ     10003b00 f i misc.obj
 0001:00002b20       ?month@DateImpl@@UBEGXZ    10003b20 f i misc.obj
 0001:00002b40       ?day@DateImpl@@UBEGXZ      10003b40 f i misc.obj
 0001:00002b60       ?is_infinity@DateImpl@@UBE_NXZ 10003b60 f i misc.obj
 0001:00002b80       ?empty@?$_Tree@V?$_Tmap_traits@V?$basic_string@_WU?$char_traits@_W@std@@V?$allocator@_W@2@@std@@V?$shared_ptr@VNameValue@yloader@@@2@U?$less@V?$basic_string@_WU?$char_traits@_W@std@@V?$allocator@_W@2@@std@@@2@V?$allocator@U?$pair@$$CBV?$basic_string@_WU?$char_traits@_W@std@@V?$allocator@_W@2@@std@@V?$shared_ptr@VNameValue@yloader@@@2@@std@@@2@$00@std@@@std@@QBE_NXZ 10003b80 f i namevalue.obj
 0001:00002b80       ?is_neg_infinity@DateImpl@@UBE_NXZ 10003b80 f i misc.obj
 0001:00002b90       ?is_pos_infinity@DateImpl@@UBE_NXZ 10003b90 f i misc.obj
 0001:00002ba0       ?is_not_a_date@DateImpl@@UBE_NXZ 10003ba0 f i misc.obj
 0001:00002bb0       ?is_special@DateImpl@@UBE_NXZ 10003bb0 f i misc.obj
 0001:00002bd0       ?week_number@DateImpl@@UBEHXZ 10003bd0 f i misc.obj
 0001:00002d00       ??8DateImpl@@UBE_NABVDateAbstr@yloader@@@Z 10003d00 f i misc.obj
 0001:00002d80       ??9DateImpl@@UBE_NABVDateAbstr@yloader@@@Z 10003d80 f i misc.obj
 0001:00002e00       ??ODateImpl@@UBE_NABVDateAbstr@yloader@@@Z 10003e00 f i misc.obj
 0001:00002e80       ??MDateImpl@@UBE_NABVDateAbstr@yloader@@@Z 10003e80 f i misc.obj
 0001:00002f00       ??PDateImpl@@UBE_NABVDateAbstr@yloader@@@Z 10003f00 f i misc.obj
 0001:00002f80       ??NDateImpl@@UBE_NABVDateAbstr@yloader@@@Z 10003f80 f i misc.obj
 0001:00003000       ??GDateImpl@@UBE?AV?$shared_ptr@VDateAbstr@yloader@@@std@@ABVDateDurationAbstr@yloader@@@Z 10004000 f i misc.obj
 0001:000030c0       ??HDateImpl@@UBE?AV?$shared_ptr@VDateAbstr@yloader@@@std@@ABVDateDurationAbstr@yloader@@@Z 100040c0 f i misc.obj
 0001:00003180       ??GDateImpl@@UBE?AV?$shared_ptr@VDateDurationAbstr@yloader@@@std@@ABVDateAbstr@yloader@@@Z 10004180 f i misc.obj
 0001:000032b0       ??ZDateImpl@@UAE?AV?$shared_ptr@VDateAbstr@yloader@@@std@@ABVDateDurationAbstr@yloader@@@Z 100042b0 f i misc.obj
 0001:00003370       ??YDateImpl@@UAE?AV?$shared_ptr@VDateAbstr@yloader@@@std@@ABVDateDurationAbstr@yloader@@@Z 10004370 f i misc.obj
 0001:00003430       ??_EDateImpl@@UAEPAXI@Z    10004430 f i * CIL library *:* CIL module *
 0001:00003430       ??_GDateImpl@@UAEPAXI@Z    10004430 f i misc.obj
 0001:00003460       ??0Date@yloader@@QAE@ABV?$basic_string@_WU?$char_traits@_W@std@@V?$allocator@_W@2@@std@@W4DateFormat@1@0@Z 10004460 f   misc.obj
 0001:000034c0       ?parse@Date@yloader@@AAEXABV?$basic_string@_WU?$char_traits@_W@std@@V?$allocator@_W@2@@std@@W4DateFormat@2@0@Z 100044c0 f   misc.obj
 0001:000040d0       ??0?$basic_string@_WU?$char_traits@_W@std@@V?$allocator@_W@2@@std@@QAE@QB_W@Z 100050d0 f i misc.obj
 0001:00004160       ?assign@?$basic_string@_WU?$char_traits@_W@std@@V?$allocator@_W@2@@std@@QAEAAV12@QB_WI@Z 10005160 f i misc.obj
 0001:000042a0       ??1VersionException@yloader@@QAE@XZ 100052a0 f i misc.obj
 0001:000042a0       ??1?$basic_string@_WU?$char_traits@_W@std@@V?$allocator@_W@2@@std@@QAE@XZ 100052a0 f i misc.obj
 0001:000042a0       ??1?$CIsFromString@_W@@QAE@XZ 100052a0 f i misc.obj
 0001:00004300       ??1?$CTokenizer@_WV?$CIsFromString@_W@@@@QAE@XZ 10005300 f i misc.obj
 0001:00004310       ??1?$pair@V?$basic_string@_WU?$char_traits@_W@std@@V?$allocator@_W@2@@std@@V12@@std@@QAE@XZ 10005310 f i namevalue.obj
 0001:00004310       ??1DateException@yloader@@QAE@XZ 10005310 f i misc.obj
 0001:000043b0       ??0DateException@yloader@@QAE@ABV01@@Z 100053b0 f i misc.obj
 0001:00004410       ?hours@TimeDurationImpl@@UBEJXZ 10005410 f i misc.obj
 0001:00004430       ?minutes@TimeDurationImpl@@UBEJXZ 10005430 f i misc.obj
 0001:00004450       ?seconds@TimeDurationImpl@@UBEJXZ 10005450 f i misc.obj
 0001:00004470       ?total_seconds@TimeDurationImpl@@UBEJXZ 10005470 f i misc.obj
 0001:00004490       ?fractional_seconds@TimeDurationImpl@@UBEJXZ 10005490 f i misc.obj
 0001:000044b0       ?is_negative@TimeDurationImpl@@UBE_NXZ 100054b0 f i misc.obj
 0001:000044d0       ??8TimeDurationImpl@@UBE_NABVTimeDurationAbstr@yloader@@@Z 100054d0 f i misc.obj
 0001:00004550       ??9TimeDurationImpl@@UBE_NABVTimeDurationAbstr@yloader@@@Z 10005550 f i misc.obj
 0001:000045d0       ??OTimeDurationImpl@@UBE_NABVTimeDurationAbstr@yloader@@@Z 100055d0 f i misc.obj
 0001:00004650       ??MTimeDurationImpl@@UBE_NABVTimeDurationAbstr@yloader@@@Z 10005650 f i misc.obj
 0001:000046d0       ??PTimeDurationImpl@@UBE_NABVTimeDurationAbstr@yloader@@@Z 100056d0 f i misc.obj
 0001:00004750       ??NTimeDurationImpl@@UBE_NABVTimeDurationAbstr@yloader@@@Z 10005750 f i misc.obj
 0001:000047d0       ??HTimeDurationImpl@@UBE?AV?$shared_ptr@VTimeDurationAbstr@yloader@@@std@@ABVTimeDurationAbstr@yloader@@@Z 100057d0 f i misc.obj
 0001:00004890       ??GTimeDurationImpl@@UBE?AV?$shared_ptr@VTimeDurationAbstr@yloader@@@std@@ABVTimeDurationAbstr@yloader@@@Z 10005890 f i misc.obj
 0001:00004950       ??KTimeDurationImpl@@UAE?AV?$shared_ptr@VTimeDurationAbstr@yloader@@@std@@H@Z 10005950 f i misc.obj
 0001:000049f0       ??DTimeDurationImpl@@UAE?AV?$shared_ptr@VTimeDurationAbstr@yloader@@@std@@H@Z 100059f0 f i misc.obj
 0001:00004a90       ??ZTimeDurationImpl@@UAE?AV?$shared_ptr@VTimeDurationAbstr@yloader@@@std@@ABVTimeDurationAbstr@yloader@@@Z 10005a90 f i misc.obj
 0001:00004b50       ??YTimeDurationImpl@@UAE?AV?$shared_ptr@VTimeDurationAbstr@yloader@@@std@@ABVTimeDurationAbstr@yloader@@@Z 10005b50 f i misc.obj
 0001:00004c10       ??_0TimeDurationImpl@@UAE?AV?$shared_ptr@VTimeDurationAbstr@yloader@@@std@@H@Z 10005c10 f i misc.obj
 0001:00004cb0       ??XTimeDurationImpl@@UAE?AV?$shared_ptr@VTimeDurationAbstr@yloader@@@std@@H@Z 10005cb0 f i misc.obj
 0001:00004d50       ??_ETimeDurationImpl@@UAEPAXI@Z 10005d50 f i * CIL library *:* CIL module *
 0001:00004d50       ??_GTimeDurationImpl@@UAEPAXI@Z 10005d50 f i misc.obj
 0001:00004d80       ??0DateTimeImpl@@QAE@ABVDateImpl@@ABVTimeDurationImpl@@@Z 10005d80 f i misc.obj
 0001:00004dd0       ??MDateTimeImpl@@UBE_NABVDateTimeAbstr@yloader@@@Z 10005dd0 f i misc.obj
 0001:00004e50       ??ODateTimeImpl@@UBE_NABVDateTimeAbstr@yloader@@@Z 10005e50 f i misc.obj
 0001:00004ed0       ??PDateTimeImpl@@UBE_NABVDateTimeAbstr@yloader@@@Z 10005ed0 f i misc.obj
 0001:00004f50       ??NDateTimeImpl@@UBE_NABVDateTimeAbstr@yloader@@@Z 10005f50 f i misc.obj
 0001:00004fd0       ??8DateTimeImpl@@UBE_NABVDateTimeAbstr@yloader@@@Z 10005fd0 f i misc.obj
 0001:00005050       ??9DateTimeImpl@@UBE_NABVDateTimeAbstr@yloader@@@Z 10006050 f i misc.obj
 0001:000050d0       ?to_simple_string@DateTimeImpl@@UBE?AV?$basic_string@_WU?$char_traits@_W@std@@V?$allocator@_W@2@@std@@XZ 100060d0 f i misc.obj
 0001:000050f0       ?to_iso_string@DateTimeImpl@@UBE?AV?$basic_string@_WU?$char_traits@_W@std@@V?$allocator@_W@2@@std@@XZ 100060f0 f i misc.obj
 0001:00005110       ?to_epoch_time@DateTimeImpl@@UBE_JXZ 10006110 f i misc.obj
 0001:000051a0       ?date@DateTimeImpl@@UBE?AV?$shared_ptr@VDateAbstr@yloader@@@std@@XZ 100061a0 f i misc.obj
 0001:00005260       ?time_of_day@DateTimeImpl@@UBE?AV?$shared_ptr@VTimeDurationAbstr@yloader@@@std@@XZ 10006260 f i misc.obj
 0001:00005340       ?is_not_a_date_time@DateTimeImpl@@UBE_NXZ 10006340 f i misc.obj
 0001:00005370       ?is_infinity@DateTimeImpl@@UBE_NXZ 10006370 f i misc.obj
 0001:000053a0       ?is_pos_infinity@DateTimeImpl@@UBE_NXZ 100063a0 f i misc.obj
 0001:000053d0       ?is_neg_infinity@DateTimeImpl@@UBE_NXZ 100063d0 f i misc.obj
 0001:00005400       ?is_special@DateTimeImpl@@UBE_NXZ 10006400 f i misc.obj
 0001:00005440       ??GDateTimeImpl@@UBE?AV?$shared_ptr@VTimeDurationAbstr@yloader@@@std@@ABVDateTimeAbstr@yloader@@@Z 10006440 f i misc.obj
 0001:00005500       ??HDateTimeImpl@@UBE?AV?$shared_ptr@VDateTimeAbstr@yloader@@@std@@ABVDateDurationAbstr@yloader@@@Z 10006500 f i misc.obj
 0001:000055c0       ??YDateTimeImpl@@UAE?AV?$shared_ptr@VDateTimeAbstr@yloader@@@std@@ABVDateDurationAbstr@yloader@@@Z 100065c0 f i misc.obj
 0001:00005680       ??GDateTimeImpl@@UBE?AV?$shared_ptr@VDateTimeAbstr@yloader@@@std@@ABVDateDurationAbstr@yloader@@@Z 10006680 f i misc.obj
 0001:00005740       ??ZDateTimeImpl@@UAE?AV?$shared_ptr@VDateTimeAbstr@yloader@@@std@@ABVDateDurationAbstr@yloader@@@Z 10006740 f i misc.obj
 0001:00005800       ??HDateTimeImpl@@UBE?AV?$shared_ptr@VDateTimeAbstr@yloader@@@std@@ABVTimeDurationAbstr@yloader@@@Z 10006800 f i misc.obj
 0001:000058c0       ??YDateTimeImpl@@UAE?AV?$shared_ptr@VDateTimeAbstr@yloader@@@std@@ABVTimeDurationAbstr@yloader@@@Z 100068c0 f i misc.obj
 0001:00005980       ??GDateTimeImpl@@UBE?AV?$shared_ptr@VDateTimeAbstr@yloader@@@std@@ABVTimeDurationAbstr@yloader@@@Z 10006980 f i misc.obj
 0001:00005a40       ??ZDateTimeImpl@@UAE?AV?$shared_ptr@VDateTimeAbstr@yloader@@@std@@ABVTimeDurationAbstr@yloader@@@Z 10006a40 f i misc.obj
 0001:00005b00       ??_GDateTimeImpl@@UAEPAXI@Z 10006b00 f i misc.obj
 0001:00005b00       ??_EDateTimeImpl@@UAEPAXI@Z 10006b00 f i * CIL library *:* CIL module *
 0001:00005b30       ?localTimeSubSec@DateTimeAbstr@yloader@@SA?AV?$shared_ptr@VDateTimeAbstr@yloader@@@std@@XZ 10006b30 f   misc.obj
 0001:00005b90       ?localTimeSec@DateTimeAbstr@yloader@@SA?AV?$shared_ptr@VDateTimeAbstr@yloader@@@std@@XZ 10006b90 f   misc.obj
 0001:00005c60       ?universalTime@DateTimeAbstr@yloader@@SA?AV?$shared_ptr@VDateTimeAbstr@yloader@@@std@@XZ 10006c60 f   misc.obj
 0001:00005d30       ?make@DateDurationAbstr@yloader@@SA?AV?$shared_ptr@VDateDurationAbstr@yloader@@@std@@J@Z 10006d30 f   misc.obj
 0001:00005d80       ?make@DateDurationAbstr@yloader@@SA?AV?$shared_ptr@VDateDurationAbstr@yloader@@@std@@XZ 10006d80 f   misc.obj
 0001:00005dd0       ?makeFromIsoString@DateTimeAbstr@yloader@@SA?AV?$shared_ptr@VDateTimeAbstr@yloader@@@std@@ABV?$basic_string@_WU?$char_traits@_W@std@@V?$allocator@_W@2@@4@@Z 10006dd0 f   misc.obj
 0001:00005ec0       ?makeFromDelimitedString@DateTimeAbstr@yloader@@SA?AV?$shared_ptr@VDateTimeAbstr@yloader@@@std@@ABV?$basic_string@_WU?$char_traits@_W@std@@V?$allocator@_W@2@@4@@Z 10006ec0 f   misc.obj
 0001:00005fb0       ?makeFromIsoExtendedString@DateTimeAbstr@yloader@@SA?AV?$shared_ptr@VDateTimeAbstr@yloader@@@std@@ABV?$basic_string@_WU?$char_traits@_W@std@@V?$allocator@_W@2@@4@@Z 10006fb0 f   misc.obj
 0001:000060a0       ?makeFromNonDelimitedString@DateTimeAbstr@yloader@@SA?AV?$shared_ptr@VDateTimeAbstr@yloader@@@std@@ABV?$basic_string@_WU?$char_traits@_W@std@@V?$allocator@_W@2@@4@@Z 100070a0 f   misc.obj
 0001:000062f0       ?makeFromUnixTime@DateTimeAbstr@yloader@@SA?AV?$shared_ptr@VDateTimeAbstr@yloader@@@std@@_J@Z 100072f0 f   misc.obj
 0001:000063e0       ?make@TimeDurationAbstr@yloader@@SA?AV?$shared_ptr@VTimeDurationAbstr@yloader@@@std@@JJJJ@Z 100073e0 f   misc.obj
 0001:00006460       ?make@DateAbstr@yloader@@SA?AV?$shared_ptr@VDateAbstr@yloader@@@std@@III@Z 10007460 f   misc.obj
 0001:000065a0       ?make@DateAbstr@yloader@@SA?AV?$shared_ptr@VDateAbstr@yloader@@@std@@XZ 100075a0 f   misc.obj
 0001:000065f0       ?make@DateTimeAbstr@yloader@@SA?AV?$shared_ptr@VDateTimeAbstr@yloader@@@std@@ABVDateAbstr@2@ABVTimeDurationAbstr@2@@Z 100075f0 f   misc.obj
 0001:000066e0       ?make@DateTimeAbstr@yloader@@SA?AV?$shared_ptr@VDateTimeAbstr@yloader@@@std@@XZ 100076e0 f   misc.obj
 0001:00006790       ?make@DateTimeAbstr@yloader@@SA?AV?$shared_ptr@VDateTimeAbstr@yloader@@@std@@ABVDateAbstr@2@@Z 10007790 f   misc.obj
 0001:00006860       ?make@DateTimeAbstr@yloader@@SA?AV?$shared_ptr@VDateTimeAbstr@yloader@@@std@@ABV12@@Z 10007860 f   misc.obj
 0001:00006930       ?makePosInfinity@DateAbstr@yloader@@SA?AV?$shared_ptr@VDateAbstr@yloader@@@std@@XZ 10007930 f   misc.obj
 0001:00006990       ?makeNegInfinity@DateAbstr@yloader@@SA?AV?$shared_ptr@VDateAbstr@yloader@@@std@@XZ 10007990 f   misc.obj
 0001:000069f0       ?makeMaxDate@DateAbstr@yloader@@SA?AV?$shared_ptr@VDateAbstr@yloader@@@std@@XZ 100079f0 f   misc.obj
 0001:00006a80       ?makeMinDate@DateAbstr@yloader@@SA?AV?$shared_ptr@VDateAbstr@yloader@@@std@@XZ 10007a80 f   misc.obj
 0001:00006b00       ?makeNotADate@DateAbstr@yloader@@SA?AV?$shared_ptr@VDateAbstr@yloader@@@std@@XZ 10007b00 f   misc.obj
 0001:00006b60       ?makePosInfinity@DateTimeAbstr@yloader@@SA?AV?$shared_ptr@VDateTimeAbstr@yloader@@@std@@XZ 10007b60 f   misc.obj
 0001:00006bd0       ?makeNegInfinity@DateTimeAbstr@yloader@@SA?AV?$shared_ptr@VDateTimeAbstr@yloader@@@std@@XZ 10007bd0 f   misc.obj
 0001:00006c40       ?makeMaxDateTime@DateTimeAbstr@yloader@@SA?AV?$shared_ptr@VDateTimeAbstr@yloader@@@std@@XZ 10007c40 f   misc.obj
 0001:00006cb0       ?makeMinDateTime@DateTimeAbstr@yloader@@SA?AV?$shared_ptr@VDateTimeAbstr@yloader@@@std@@XZ 10007cb0 f   misc.obj
 0001:00006d20       ?makeNotADateTime@DateTimeAbstr@yloader@@SA?AV?$shared_ptr@VDateTimeAbstr@yloader@@@std@@XZ 10007d20 f   misc.obj
 0001:00006d80       ?make@DateAbstr@yloader@@SA?AV?$shared_ptr@VDateAbstr@yloader@@@std@@ABV12@@Z 10007d80 f   misc.obj
 0001:00006e50       ?make@TimeDurationAbstr@yloader@@SA?AV?$shared_ptr@VTimeDurationAbstr@yloader@@@std@@ABV12@@Z 10007e50 f   misc.obj
 0001:00006f20       ?restart@TimerImpl@@UAEXXZ 10007f20 f i misc.obj
 0001:00006f40       ?elapsed@TimerImpl@@UBENXZ 10007f40 f i misc.obj
 0001:00006f90       ?stop@TimerImpl@@UAEXXZ    10007f90 f i misc.obj
 0001:00006fc0       ?isStopped@TimerImpl@@UBE_NXZ 10007fc0 f i misc.obj
 0001:00006fd0       ??_GTimerImpl@@UAEPAXI@Z   10007fd0 f i misc.obj
 0001:00006fd0       ??_ETimerImpl@@UAEPAXI@Z   10007fd0 f i * CIL library *:* CIL module *
 0001:00007000       ?make@TimerAbstr@yloader@@SAPAV12@XZ 10008000 f   misc.obj
 0001:00007040       ??0Version@yloader@@QAE@XZ 10008040 f   misc.obj
 0001:00007060       ??0Version@yloader@@QAE@ABV?$basic_string@_WU?$char_traits@_W@std@@V?$allocator@_W@2@@std@@@Z 10008060 f   misc.obj
 0001:000070a0       ??0Version@yloader@@QAE@PB_W@Z 100080a0 f   misc.obj
 0001:000070d0       ??0Version@yloader@@QAE@IIII@Z 100080d0 f   misc.obj
 0001:000070f0       ?parse@Version@yloader@@AAEXPB_W@Z 100080f0 f   misc.obj
 0001:00007420       ??0Seconds@yloader@@QAE@N@Z 10008420 f   misc.obj
 0001:00007470       ?cmdLineSplitter@yloader@@YA?AV?$vector@V?$basic_string@DU?$char_traits@D@std@@V?$allocator@D@2@@std@@V?$allocator@V?$basic_string@DU?$char_traits@D@std@@V?$allocator@D@2@@std@@@2@@std@@ABV?$basic_string@_WU?$char_traits@_W@std@@V?$allocator@_W@2@@3@@Z 10008470 f   misc.obj
 0001:000079f0       ?toString@Date@yloader@@QBE?AV?$basic_string@_WU?$char_traits@_W@std@@V?$allocator@_W@2@@std@@W4DateFormat@2@ABV34@@Z 100089f0 f   misc.obj
 0001:00007d30       ??1?$vector@V?$basic_string@DU?$char_traits@D@std@@V?$allocator@D@2@@std@@V?$allocator@V?$basic_string@DU?$char_traits@D@std@@V?$allocator@D@2@@std@@@2@@std@@QAE@XZ 10008d30 f i misc.obj
 0001:00007d40       ??0?$CTokenizer@_WV?$CIsFromString@_W@@@@QAE@ABV?$basic_string@_WU?$char_traits@_W@std@@V?$allocator@_W@2@@std@@ABV?$CIsFromString@_W@@V?$optional@I@2@@Z 10008d40 f i misc.obj
 0001:00008100       ??1?$scoped_lock@Vmutex@std@@@std@@QAE@XZ 10009100 f i misc.obj
 0001:00008110       ??1?$basic_altstringbuf@_WU?$char_traits@_W@std@@V?$allocator@_W@2@@io@boost@@UAE@XZ 10009110 f i misc.obj
 0001:000081c0       ??1?$vector@V?$basic_string@_WU?$char_traits@_W@std@@V?$allocator@_W@2@@std@@V?$allocator@V?$basic_string@_WU?$char_traits@_W@std@@V?$allocator@_W@2@@std@@@2@@std@@QAE@XZ 100091c0 f i misc.obj
 0001:00008240       ??1?$shared_ptr@VDateAbstr@yloader@@@std@@QAE@XZ 10009240 f i misc.obj
 0001:00008240       ??1?$shared_ptr@VNameValue@yloader@@@std@@QAE@XZ 10009240 f i namevalue.obj
 0001:00008240       ??1?$shared_ptr@V?$basic_string@_WU?$char_traits@_W@std@@V?$allocator@_W@2@@std@@@std@@QAE@XZ 10009240 f i namevalue.obj
 0001:00008240       ??1?$shared_ptr@$$BY0A@_W@std@@QAE@XZ 10009240 f i misc.obj
 0001:00008240       ??1?$shared_ptr@$$BY0A@D@std@@QAE@XZ 10009240 f i misc.obj
 0001:00008270       ?seekpos@?$basic_stringbuf@_WU?$char_traits@_W@std@@V?$allocator@_W@2@@std@@MAE?AV?$fpos@U_Mbstatet@@@2@V32@H@Z 10009270 f i misc.obj
 0001:00008390       ?seekoff@?$basic_stringbuf@_WU?$char_traits@_W@std@@V?$allocator@_W@2@@std@@MAE?AV?$fpos@U_Mbstatet@@@2@_JHH@Z 10009390 f i misc.obj
 0001:00008540       ?underflow@?$basic_stringbuf@_WU?$char_traits@_W@std@@V?$allocator@_W@2@@std@@MAEGXZ 10009540 f i misc.obj
 0001:000085a0       ?pbackfail@?$basic_stringbuf@_WU?$char_traits@_W@std@@V?$allocator@_W@2@@std@@MAEGG@Z 100095a0 f i misc.obj
 0001:00008600       ?overflow@?$basic_stringbuf@_WU?$char_traits@_W@std@@V?$allocator@_W@2@@std@@MAEGG@Z 10009600 f i misc.obj
 0001:000087f0       ??1?$basic_stringbuf@_WU?$char_traits@_W@std@@V?$allocator@_W@2@@std@@UAE@XZ 100097f0 f i misc.obj
 0001:000088a0       ?str@?$basic_ostringstream@_WU?$char_traits@_W@std@@V?$allocator@_W@2@@std@@QGBE?AV?$basic_string@_WU?$char_traits@_W@std@@V?$allocator@_W@2@@2@XZ 100098a0 f i misc.obj
 0001:00008980       ??0?$basic_ostringstream@_WU?$char_traits@_W@std@@V?$allocator@_W@2@@std@@QAE@XZ 10009980 f i misc.obj
 0001:00008a30       ??Z?$base_time@Vptime@posix_time@boost@@V?$counted_time_system@U?$counted_time_rep@Vmillisec_posix_time_system_config@posix_time@boost@@@date_time@boost@@@date_time@3@@date_time@boost@@QAE?AVptime@posix_time@2@ABVtime_duration@42@@Z 10009a30 f i misc.obj
 0001:00008a70       ??G?$base_time@Vptime@posix_time@boost@@V?$counted_time_system@U?$counted_time_rep@Vmillisec_posix_time_system_config@posix_time@boost@@@date_time@boost@@@date_time@3@@date_time@boost@@QBE?AVptime@posix_time@2@ABVtime_duration@42@@Z 10009a70 f i misc.obj
 0001:00008aa0       ??Y?$base_time@Vptime@posix_time@boost@@V?$counted_time_system@U?$counted_time_rep@Vmillisec_posix_time_system_config@posix_time@boost@@@date_time@boost@@@date_time@3@@date_time@boost@@QAE?AVptime@posix_time@2@ABVtime_duration@42@@Z 10009aa0 f i misc.obj
 0001:00008ae0       ??H?$base_time@Vptime@posix_time@boost@@V?$counted_time_system@U?$counted_time_rep@Vmillisec_posix_time_system_config@posix_time@boost@@@date_time@boost@@@date_time@3@@date_time@boost@@QBE?AVptime@posix_time@2@ABVtime_duration@42@@Z 10009ae0 f i misc.obj
 0001:00008b20       ??Z?$base_time@Vptime@posix_time@boost@@V?$counted_time_system@U?$counted_time_rep@Vmillisec_posix_time_system_config@posix_time@boost@@@date_time@boost@@@date_time@3@@date_time@boost@@QAE?AVptime@posix_time@2@ABVdate_duration@gregorian@2@@Z 10009b20 f i misc.obj
 0001:00008b80       ??G?$base_time@Vptime@posix_time@boost@@V?$counted_time_system@U?$counted_time_rep@Vmillisec_posix_time_system_config@posix_time@boost@@@date_time@boost@@@date_time@3@@date_time@boost@@QBE?AVptime@posix_time@2@ABVdate_duration@gregorian@2@@Z 10009b80 f i misc.obj
 0001:00008ce0       ??Y?$base_time@Vptime@posix_time@boost@@V?$counted_time_system@U?$counted_time_rep@Vmillisec_posix_time_system_config@posix_time@boost@@@date_time@boost@@@date_time@3@@date_time@boost@@QAE?AVptime@posix_time@2@ABVdate_duration@gregorian@2@@Z 10009ce0 f i misc.obj
 0001:00008d40       ??H?$base_time@Vptime@posix_time@boost@@V?$counted_time_system@U?$counted_time_rep@Vmillisec_posix_time_system_config@posix_time@boost@@@date_time@boost@@@date_time@3@@date_time@boost@@QBE?AVptime@posix_time@2@ABVdate_duration@gregorian@2@@Z 10009d40 f i misc.obj
 0001:00008eb0       ?time_of_day@?$base_time@Vptime@posix_time@boost@@V?$counted_time_system@U?$counted_time_rep@Vmillisec_posix_time_system_config@posix_time@boost@@@date_time@boost@@@date_time@3@@date_time@boost@@QBE?AVtime_duration@posix_time@3@XZ 10009eb0 f i misc.obj
 0001:00008f80       ?is_equal@?$counted_time_system@U?$counted_time_rep@Vmillisec_posix_time_system_config@posix_time@boost@@@date_time@boost@@@date_time@boost@@SA_NABU?$counted_time_rep@Vmillisec_posix_time_system_config@posix_time@boost@@@23@0@Z 10009f80 f i misc.obj
 0001:00008fa0       ??X?$time_duration@V0posix_time@boost@@V?$time_resolution_traits@Utime_resolution_traits_adapted64_impl@date_time@boost@@$04$0PECEA@$05_J@date_time@2@@date_time@boost@@QAE?AVtime_duration@posix_time@2@H@Z 10009fa0 f i misc.obj
 0001:00009020       ??D?$time_duration@V0posix_time@boost@@V?$time_resolution_traits@Utime_resolution_traits_adapted64_impl@date_time@boost@@$04$0PECEA@$05_J@date_time@2@@date_time@boost@@QBE?AVtime_duration@posix_time@2@H@Z 1000a020 f i misc.obj
 0001:000090a0       ??_0?$time_duration@V0posix_time@boost@@V?$time_resolution_traits@Utime_resolution_traits_adapted64_impl@date_time@boost@@$04$0PECEA@$05_J@date_time@2@@date_time@boost@@QAE?AVtime_duration@posix_time@2@H@Z 1000a0a0 f i misc.obj
 0001:00009120       ??Y?$time_duration@V0posix_time@boost@@V?$time_resolution_traits@Utime_resolution_traits_adapted64_impl@date_time@boost@@$04$0PECEA@$05_J@date_time@2@@date_time@boost@@QAE?AVtime_duration@posix_time@2@ABV342@@Z 1000a120 f i misc.obj
 0001:00009160       ??Z?$time_duration@V0posix_time@boost@@V?$time_resolution_traits@Utime_resolution_traits_adapted64_impl@date_time@boost@@$04$0PECEA@$05_J@date_time@2@@date_time@boost@@QAE?AVtime_duration@posix_time@2@ABV342@@Z 1000a160 f i misc.obj
 0001:000091a0       ??K?$time_duration@V0posix_time@boost@@V?$time_resolution_traits@Utime_resolution_traits_adapted64_impl@date_time@boost@@$04$0PECEA@$05_J@date_time@2@@date_time@boost@@QBE?AVtime_duration@posix_time@2@H@Z 1000a1a0 f i misc.obj
 0001:00009230       ??H?$time_duration@V0posix_time@boost@@V?$time_resolution_traits@Utime_resolution_traits_adapted64_impl@date_time@boost@@$04$0PECEA@$05_J@date_time@2@@date_time@boost@@QBE?AVtime_duration@posix_time@2@ABV342@@Z 1000a230 f i misc.obj
 0001:00009260       ??G?$time_duration@V0posix_time@boost@@V?$time_resolution_traits@Utime_resolution_traits_adapted64_impl@date_time@boost@@$04$0PECEA@$05_J@date_time@2@@date_time@boost@@QBE?AVtime_duration@posix_time@2@ABV342@@Z 1000a260 f i misc.obj
 0001:00009290       ?seekpos@?$basic_stringbuf@DU?$char_traits@D@std@@V?$allocator@D@2@@std@@MAE?AV?$fpos@U_Mbstatet@@@2@V32@H@Z 1000a290 f i misc.obj
 0001:000093a0       ?seekoff@?$basic_stringbuf@DU?$char_traits@D@std@@V?$allocator@D@2@@std@@MAE?AV?$fpos@U_Mbstatet@@@2@_JHH@Z 1000a3a0 f i misc.obj
 0001:00009530       ?underflow@?$basic_stringbuf@DU?$char_traits@D@std@@V?$allocator@D@2@@std@@MAEHXZ 1000a530 f i misc.obj
 0001:00009590       ?pbackfail@?$basic_stringbuf@DU?$char_traits@D@std@@V?$allocator@D@2@@std@@MAEHH@Z 1000a590 f i misc.obj
 0001:000095e0       ?overflow@?$basic_stringbuf@DU?$char_traits@D@std@@V?$allocator@D@2@@std@@MAEHH@Z 1000a5e0 f i misc.obj
 0001:000097a0       ??1?$basic_stringbuf@DU?$char_traits@D@std@@V?$allocator@D@2@@std@@UAE@XZ 1000a7a0 f i misc.obj
 0001:00009850       ??H?$date@V0gregorian@boost@@Vgregorian_calendar@12@Vdate_duration@12@@date_time@boost@@QBE?AVdate@gregorian@2@ABVdate_duration@42@@Z 1000a850 f i misc.obj
 0001:00009950       ??G?$date@V0gregorian@boost@@Vgregorian_calendar@12@Vdate_duration@12@@date_time@boost@@QBE?AVdate@gregorian@2@ABVdate_duration@42@@Z 1000a950 f i misc.obj
 0001:00009a50       ??1?$refcount_ptr@Uerror_info_container@exception_detail@boost@@@exception_detail@boost@@QAE@XZ 1000aa50 f i misc.obj
 0001:00009ab0       ?do_truename@?$numpunct@_W@std@@MBE?AV?$basic_string@_WU?$char_traits@_W@std@@V?$allocator@_W@2@@2@XZ 1000aab0 f i misc.obj
 0001:00009b40       ?do_falsename@?$numpunct@_W@std@@MBE?AV?$basic_string@_WU?$char_traits@_W@std@@V?$allocator@_W@2@@2@XZ 1000ab40 f i misc.obj
 0001:00009bd0       ?do_grouping@?$numpunct@D@std@@MBE?AV?$basic_string@DU?$char_traits@D@std@@V?$allocator@D@2@@2@XZ 1000abd0 f i misc.obj
 0001:00009bd0       ?do_grouping@?$numpunct@_W@std@@MBE?AV?$basic_string@DU?$char_traits@D@std@@V?$allocator@D@2@@2@XZ 1000abd0 f i misc.obj
 0001:00009c50       ?do_thousands_sep@?$numpunct@_W@std@@MBE_WXZ 1000ac50 f i misc.obj
 0001:00009c60       ?do_decimal_point@?$numpunct@_W@std@@MBE_WXZ 1000ac60 f i misc.obj
 0001:00009c70       ?do_truename@?$numpunct@D@std@@MBE?AV?$basic_string@DU?$char_traits@D@std@@V?$allocator@D@2@@2@XZ 1000ac70 f i misc.obj
 0001:00009cf0       ?do_falsename@?$numpunct@D@std@@MBE?AV?$basic_string@DU?$char_traits@D@std@@V?$allocator@D@2@@2@XZ 1000acf0 f i misc.obj
 0001:00009d70       ?do_thousands_sep@?$numpunct@D@std@@MBEDXZ 1000ad70 f i misc.obj
 0001:00009d80       ?do_decimal_point@?$numpunct@D@std@@MBEDXZ 1000ad80 f i misc.obj
 0001:00009d90       ?substr@?$basic_string@_WU?$char_traits@_W@std@@V?$allocator@_W@2@@std@@QBE?AV12@II@Z 1000ad90 f i misc.obj
 0001:00009e20       ??0?$basic_string@_WU?$char_traits@_W@std@@V?$allocator@_W@2@@std@@QAE@ABV01@@Z 1000ae20 f i misc.obj
 0001:00009ef0       ??1?$parse_match_result@D@date_time@boost@@QAE@XZ 1000aef0 f i misc.obj
 0001:00009ef0       ??1?$basic_string@DU?$char_traits@D@std@@V?$allocator@D@2@@std@@QAE@XZ 1000aef0 f i misc.obj
 0001:00009ef0       ??1?$pair@$$CBV?$basic_string@DU?$char_traits@D@std@@V?$allocator@D@2@@std@@G@std@@QAE@XZ 1000aef0 f i misc.obj
 0001:00009f40       ??4?$basic_string@DU?$char_traits@D@std@@V?$allocator@D@2@@std@@QAEAAV01@$$QAV01@@Z 1000af40 f i misc.obj
 0001:0000a000       ??0?$basic_string@DU?$char_traits@D@std@@V?$allocator@D@2@@std@@QAE@QBD@Z 1000b000 f i misc.obj
 0001:0000a080       ??0?$basic_string@DU?$char_traits@D@std@@V?$allocator@D@2@@std@@QAE@ABV01@@Z 1000b080 f i misc.obj
 0001:0000a140       ??_E?$basic_altstringbuf@_WU?$char_traits@_W@std@@V?$allocator@_W@2@@io@boost@@UAEPAXI@Z 1000b140 f i * CIL library *:* CIL module *
 0001:0000a140       ??_G?$basic_altstringbuf@_WU?$char_traits@_W@std@@V?$allocator@_W@2@@io@boost@@UAEPAXI@Z 1000b140 f i misc.obj
 0001:0000a160       ??_E?$basic_stringbuf@_WU?$char_traits@_W@std@@V?$allocator@_W@2@@std@@UAEPAXI@Z 1000b160 f i * CIL library *:* CIL module *
 0001:0000a160       ??_G?$basic_stringbuf@_WU?$char_traits@_W@std@@V?$allocator@_W@2@@std@@UAEPAXI@Z 1000b160 f i misc.obj
 0001:0000a180       ??_E?$basic_ostringstream@_WU?$char_traits@_W@std@@V?$allocator@_W@2@@std@@UAEPAXI@Z 1000b180 f i * CIL library *:* CIL module *
 0001:0000a180       ??_G?$basic_ostringstream@_WU?$char_traits@_W@std@@V?$allocator@_W@2@@std@@UAEPAXI@Z 1000b180 f i misc.obj
 0001:0000a1e0       ??0clone_base@exception_detail@boost@@QAE@ABV012@@Z 1000b1e0 f i misc.obj
 0001:0000a1f0       ??_E?$basic_stringbuf@DU?$char_traits@D@std@@V?$allocator@D@2@@std@@UAEPAXI@Z 1000b1f0 f i * CIL library *:* CIL module *
 0001:0000a1f0       ??_G?$basic_stringbuf@DU?$char_traits@D@std@@V?$allocator@D@2@@std@@UAEPAXI@Z 1000b1f0 f i misc.obj
 0001:0000a210       ??_E?$numpunct@_W@std@@MAEPAXI@Z 1000b210 f i * CIL library *:* CIL module *
 0001:0000a210       ??_G?$numpunct@_W@std@@MAEPAXI@Z 1000b210 f i misc.obj
 0001:0000a260       ??_G?$numpunct@D@std@@MAEPAXI@Z 1000b260 f i misc.obj
 0001:0000a260       ??_E?$numpunct@D@std@@MAEPAXI@Z 1000b260 f i * CIL library *:* CIL module *
 0001:0000a2b0       ??1sentry@?$basic_ostream@_WU?$char_traits@_W@std@@@std@@QAE@XZ 1000b2b0 f i misc.obj
 0001:0000a320       ?_Tidy@?$vector@V?$basic_string@DU?$char_traits@D@std@@V?$allocator@D@2@@std@@V?$allocator@V?$basic_string@DU?$char_traits@D@std@@V?$allocator@D@2@@std@@@2@@std@@AAEXXZ 1000b320 f i misc.obj
 0001:0000a3a0       ?create_time@?$second_clock@Vptime@posix_time@boost@@@date_time@boost@@CA?AVptime@posix_time@3@PAUtm@@@Z 1000b3a0 f i misc.obj
 0001:0000a4b0       ?create_time@?$microsec_clock@Vptime@posix_time@boost@@@date_time@boost@@CA?AVptime@posix_time@3@P6APAUtm@@PB_JPAU6@@Z@Z 1000b4b0 f i misc.obj
 0001:0000a6f0       ?subtract_times@?$counted_time_system@U?$counted_time_rep@Vmillisec_posix_time_system_config@posix_time@boost@@@date_time@boost@@@date_time@boost@@SA?AVtime_duration@posix_time@3@ABU?$counted_time_rep@Vmillisec_posix_time_system_config@posix_time@boost@@@23@0@Z 1000b6f0 f i misc.obj
 0001:0000a810       ?add_time_duration@?$counted_time_system@U?$counted_time_rep@Vmillisec_posix_time_system_config@posix_time@boost@@@date_time@boost@@@date_time@boost@@SA?AU?$counted_time_rep@Vmillisec_posix_time_system_config@posix_time@boost@@@23@ABU423@Vtime_duration@posix_time@3@@Z 1000b810 f i misc.obj
 0001:0000a8c0       ?subtract_time_duration@?$counted_time_system@U?$counted_time_rep@Vmillisec_posix_time_system_config@posix_time@boost@@@date_time@boost@@@date_time@boost@@SA?AU?$counted_time_rep@Vmillisec_posix_time_system_config@posix_time@boost@@@23@ABU423@ABVtime_duration@posix_time@3@@Z 1000b8c0 f i misc.obj
 0001:0000a970       ?is_less@?$counted_time_system@U?$counted_time_rep@Vmillisec_posix_time_system_config@posix_time@boost@@@date_time@boost@@@date_time@boost@@SA_NABU?$counted_time_rep@Vmillisec_posix_time_system_config@posix_time@boost@@@23@0@Z 1000b970 f i misc.obj
 0001:0000a9a0       ?get_time_rep@?$counted_time_system@U?$counted_time_rep@Vmillisec_posix_time_system_config@posix_time@boost@@@date_time@boost@@@date_time@boost@@SA?AU?$counted_time_rep@Vmillisec_posix_time_system_config@posix_time@boost@@@23@W4special_values@23@@Z 1000b9a0 f i misc.obj
 0001:0000ab70       ??M?$int_adapter@_J@date_time@boost@@QBE_NABH@Z 1000bb70 f i misc.obj
 0001:0000aba0       ?size@?$basic_string@_WU?$char_traits@_W@std@@V?$allocator@_W@2@@std@@QBEIXZ 1000bba0 f i misc.obj
 0001:0000abb0       ?assign@?$basic_string@DU?$char_traits@D@std@@V?$allocator@D@2@@std@@QAEAAV12@QBDI@Z 1000bbb0 f i misc.obj
 0001:0000ace0       ??1_Sentry_base@?$basic_ostream@_WU?$char_traits@_W@std@@@std@@QAE@XZ 1000bce0 f i misc.obj
 0001:0000ad30       ?_Destroy@?$vector@V?$basic_string@DU?$char_traits@D@std@@V?$allocator@D@2@@std@@V?$allocator@V?$basic_string@DU?$char_traits@D@std@@V?$allocator@D@2@@std@@@2@@std@@AAEXPAV?$basic_string@DU?$char_traits@D@std@@V?$allocator@D@2@@2@0@Z 1000bd30 f i misc.obj
 0001:0000ad50       ?deallocate@?$allocator@V?$basic_string@DU?$char_traits@D@std@@V?$allocator@D@2@@std@@@std@@QAEXQAV?$basic_string@DU?$char_traits@D@std@@V?$allocator@D@2@@2@I@Z 1000bd50 f i misc.obj
 0001:0000ad90       ?date@?$counted_time_rep@Vmillisec_posix_time_system_config@posix_time@boost@@@date_time@boost@@QBE?AV0gregorian@3@XZ 1000bd90 f i misc.obj
 0001:0000ae70       ??0?$counted_time_rep@Vmillisec_posix_time_system_config@posix_time@boost@@@date_time@boost@@QAE@ABVdate@gregorian@2@ABVtime_duration@posix_time@2@@Z 1000be70 f i misc.obj
 0001:0000b000       ?compare@?$int_adapter@J@date_time@boost@@ABEHABV123@@Z 1000c000 f i misc.obj
 0001:0000b0b0       ?on_error@?$simple_exception_policy@G$00$0M@Ubad_month@gregorian@boost@@@CV@boost@@SAXGGW4violation_enum@23@@Z 1000c0b0 f i misc.obj
 0001:0000b0f0       ?on_error@?$simple_exception_policy@G$0FHI@$0CHAP@Ubad_year@gregorian@boost@@@CV@boost@@SAXGGW4violation_enum@23@@Z 1000c0f0 f i misc.obj
 0001:0000b130       ?on_error@?$simple_exception_policy@G$00$0BP@Ubad_day_of_month@gregorian@boost@@@CV@boost@@SAXGGW4violation_enum@23@@Z 1000c130 f i misc.obj
 0001:0000b170       ?mult_div_specials@?$int_adapter@_J@date_time@boost@@ABE?AV123@ABH@Z 1000c170 f i misc.obj
 0001:0000b250       ?compare@?$int_adapter@_J@date_time@boost@@ABEHABV123@@Z 1000c250 f i misc.obj
 0001:0000b3a0       ?_Xran@?$_String_val@U?$_Simple_types@_W@std@@@std@@SAXXZ 1000c3a0 f i misc.obj
 0001:0000b3a0       ?_Xran@?$_String_val@U?$_Simple_types@D@std@@@std@@SAXXZ 1000c3a0 f i misc.obj
 0001:0000b3b0       ?day_number@?$gregorian_calendar_base@U?$year_month_day_base@Vgreg_year@gregorian@boost@@Vgreg_month@23@Vgreg_day@23@@date_time@boost@@I@date_time@boost@@SAIABU?$year_month_day_base@Vgreg_year@gregorian@boost@@Vgreg_month@23@Vgreg_day@23@@23@@Z 1000c3b0 f i misc.obj
 0001:0000b440       ?from_day_number@?$gregorian_calendar_base@U?$year_month_day_base@Vgreg_year@gregorian@boost@@Vgreg_month@23@Vgreg_day@23@@date_time@boost@@I@date_time@boost@@SA?AU?$year_month_day_base@Vgreg_year@gregorian@boost@@Vgreg_month@23@Vgreg_day@23@@23@I@Z 1000c440 f i misc.obj
 0001:0000b550       ??$throw_exception@Ubad_day_of_month@gregorian@boost@@@boost@@YAXABUbad_day_of_month@gregorian@0@@Z 1000c550 f i misc.obj
 0001:0000b580       ??$throw_exception@Vruntime_error@std@@@boost@@YAXABVruntime_error@std@@@Z 1000c580 f i misc.obj
 0001:0000b5b0       ??$to_simple_string_type@_W@gregorian@boost@@YA?AV?$basic_string@_WU?$char_traits@_W@std@@V?$allocator@_W@2@@std@@ABVdate@01@@Z 1000c5b0 f i misc.obj
 0001:0000b6e0       ??$to_iso_string_type@_W@gregorian@boost@@YA?AV?$basic_string@_WU?$char_traits@_W@std@@V?$allocator@_W@2@@std@@ABVdate@01@@Z 1000c6e0 f i misc.obj
 0001:0000b810       ??$tolower@D@std@@YADDABVlocale@0@@Z 1000c810 f i misc.obj
 0001:0000b910       ??$parse_date@Vdate@gregorian@boost@@@date_time@boost@@YA?AVdate@gregorian@1@ABV?$basic_string@DU?$char_traits@D@std@@V?$allocator@D@2@@std@@H@Z 1000c910 f i misc.obj
 0001:0000bdd0       ??$parse_undelimited_date@Vdate@gregorian@boost@@@date_time@boost@@YA?AVdate@gregorian@1@ABV?$basic_string@DU?$char_traits@D@std@@V?$allocator@D@2@@std@@@Z 1000cdd0 f i misc.obj
 0001:0000c090       ??$to_simple_string_type@_W@posix_time@boost@@YA?AV?$basic_string@_WU?$char_traits@_W@std@@V?$allocator@_W@2@@std@@Vtime_duration@01@@Z 1000d090 f i misc.obj
 0001:0000c3b0       ??$to_iso_string_type@_W@posix_time@boost@@YA?AV?$basic_string@_WU?$char_traits@_W@std@@V?$allocator@_W@2@@std@@Vtime_duration@01@@Z 1000d3b0 f i misc.obj
 0001:0000c6c0       ??$to_simple_string_type@_W@posix_time@boost@@YA?AV?$basic_string@_WU?$char_traits@_W@std@@V?$allocator@_W@2@@std@@Vptime@01@@Z 1000d6c0 f i misc.obj
 0001:0000c8e0       ??$to_iso_string_type@_W@posix_time@boost@@YA?AV?$basic_string@_WU?$char_traits@_W@std@@V?$allocator@_W@2@@std@@Vptime@01@@Z 1000d8e0 f i misc.obj
 0001:0000cb00       ??$parse_delimited_time@Vptime@posix_time@boost@@@date_time@boost@@YA?AVptime@posix_time@1@ABV?$basic_string@DU?$char_traits@D@std@@V?$allocator@D@2@@std@@D@Z 1000db00 f i misc.obj
 0001:0000cc50       ??$parse_iso_time@Vptime@posix_time@boost@@@date_time@boost@@YA?AVptime@posix_time@1@ABV?$basic_string@DU?$char_traits@D@std@@V?$allocator@D@2@@std@@D@Z 1000dc50 f i misc.obj
 0001:0000d140       ??$?H_WU?$char_traits@_W@std@@V?$allocator@_W@1@@std@@YA?AV?$basic_string@_WU?$char_traits@_W@std@@V?$allocator@_W@2@@0@$$QAV10@0@Z 1000e140 f i misc.obj
 0001:0000d160       ??$?H_WU?$char_traits@_W@std@@V?$allocator@_W@1@@std@@YA?AV?$basic_string@_WU?$char_traits@_W@std@@V?$allocator@_W@2@@0@$$QAV10@QB_W@Z 1000e160 f i misc.obj
 0001:0000d250       ??$?6_WU?$char_traits@_W@std@@@std@@YAAAV?$basic_ostream@_WU?$char_traits@_W@std@@@0@AAV10@PB_W@Z 1000e250 f i misc.obj
 0001:0000d470       ??$?6_WU?$char_traits@_W@std@@@std@@YAAAV?$basic_ostream@_WU?$char_traits@_W@std@@@0@AAV10@_W@Z 1000e470 f i misc.obj
 0001:0000d6a0       ??$throw_exception@Vbad_format_string@io@boost@@@boost@@YAXABVbad_format_string@io@0@@Z 1000e6a0 f i misc.obj
 0001:0000d6d0       ?seekoff@?$basic_altstringbuf@_WU?$char_traits@_W@std@@V?$allocator@_W@2@@io@boost@@MAE?AV?$fpos@U_Mbstatet@@@std@@_JHH@Z 1000e6d0 f i misc.obj
 0001:0000d840       ?seekpos@?$basic_altstringbuf@_WU?$char_traits@_W@std@@V?$allocator@_W@2@@io@boost@@MAE?AV?$fpos@U_Mbstatet@@@std@@V45@H@Z 1000e840 f i misc.obj
 0001:0000d9b0       ?underflow@?$basic_altstringbuf@_WU?$char_traits@_W@std@@V?$allocator@_W@2@@io@boost@@MAEGXZ 1000e9b0 f i misc.obj
 0001:0000da20       ?pbackfail@?$basic_altstringbuf@_WU?$char_traits@_W@std@@V?$allocator@_W@2@@io@boost@@MAEGG@Z 1000ea20 f i misc.obj
 0001:0000da80       ?overflow@?$basic_altstringbuf@_WU?$char_traits@_W@std@@V?$allocator@_W@2@@io@boost@@MAEGG@Z 1000ea80 f i misc.obj
 0001:0000dd40       ??$format@V?$basic_string@_WU?$char_traits@_W@std@@V?$allocator@_W@2@@std@@@yloader@@YA?AV?$basic_string@_WU?$char_traits@_W@std@@V?$allocator@_W@2@@std@@ABV12@V12@@Z 1000ed40 f i misc.obj
 0001:0000de30       ??$_Emplace_reallocate@V?$basic_string@DU?$char_traits@D@std@@V?$allocator@D@2@@std@@@?$vector@V?$basic_string@DU?$char_traits@D@std@@V?$allocator@D@2@@std@@V?$allocator@V?$basic_string@DU?$char_traits@D@std@@V?$allocator@D@2@@std@@@2@@std@@QAEPAV?$basic_string@DU?$char_traits@D@std@@V?$allocator@D@2@@1@QAV21@$$QAV21@@Z 1000ee30 f i misc.obj
 0001:0000dfd0       ??$use_facet@V?$ctype@_W@std@@@std@@YAABV?$ctype@_W@0@ABVlocale@0@@Z 1000efd0 f i misc.obj
 0001:0000e0c0       ??$?H_J@?$int_adapter@_J@date_time@boost@@QBE?AV012@ABV012@@Z 1000f0c0 f i misc.obj
 0001:0000e200       ??$?G_J@?$int_adapter@_J@date_time@boost@@QBE?AV012@ABV012@@Z 1000f200 f i misc.obj
 0001:0000e340       ??$use_facet@V?$numpunct@D@std@@@std@@YAABV?$numpunct@D@0@ABVlocale@0@@Z 1000f340 f i misc.obj
 0001:0000e430       ??$_Traits_find_last_not_of@U?$char_traits@_W@std@@@std@@YAIQB_WII0IU?$integral_constant@_N$00@0@@Z 1000f430 f i misc.obj
 0001:0000e5a0       ??$_Traits_find_first_not_of@U?$char_traits@_W@std@@@std@@YAIQB_WII0IU?$integral_constant@_N$00@0@@Z 1000f5a0 f i misc.obj
 0001:0000e700       ??$_Reallocate_grow_by@V<lambda_1>@?1??append@?$basic_string@_WU?$char_traits@_W@std@@V?$allocator@_W@2@@std@@QAEAAV34@QB_WI@Z@PB_WI@?$basic_string@_WU?$char_traits@_W@std@@V?$allocator@_W@2@@std@@AAEAAV01@IV<lambda_1>@?1??append@01@QAEAAV01@QB_WI@Z@PB_WI@Z 1000f700 f i misc.obj
 0001:0000e880       ??$_Traits_compare@U?$char_traits@D@std@@@std@@YAHQBDI0I@Z 1000f880 f i misc.obj
 0001:0000e900       ??$_Emplace_reallocate@V?$basic_string@_WU?$char_traits@_W@std@@V?$allocator@_W@2@@std@@@?$vector@V?$basic_string@_WU?$char_traits@_W@std@@V?$allocator@_W@2@@std@@V?$allocator@V?$basic_string@_WU?$char_traits@_W@std@@V?$allocator@_W@2@@std@@@2@@std@@QAEPAV?$basic_string@_WU?$char_traits@_W@std@@V?$allocator@_W@2@@1@QAV21@$$QAV21@@Z 1000f900 f i misc.obj
 0001:0000eb20       ??$_Reallocate_grow_by@V<lambda_1>@?1??push_back@?$basic_string@_WU?$char_traits@_W@std@@V?$allocator@_W@2@@std@@QAEX_W@Z@_W@?$basic_string@_WU?$char_traits@_W@std@@V?$allocator@_W@2@@std@@AAEAAV01@IV<lambda_1>@?1??push_back@01@QAEX_W@Z@_W@Z 1000fb20 f i misc.obj
 0001:0000ec80       ??$_Reallocate_grow_by@V<lambda_1>@?1??insert@?$basic_string@_WU?$char_traits@_W@std@@V?$allocator@_W@2@@std@@QAEAAV34@IQB_WI@Z@IPB_WI@?$basic_string@_WU?$char_traits@_W@std@@V?$allocator@_W@2@@std@@AAEAAV01@IV<lambda_1>@?1??insert@01@QAEAAV01@IQB_WI@Z@IPB_WI@Z 1000fc80 f i misc.obj
 0001:0000ee00       ??$_Reallocate_grow_by@V<lambda_1>@?1??append@?$basic_string@_WU?$char_traits@_W@std@@V?$allocator@_W@2@@std@@QAEAAV34@I_W@Z@I_W@?$basic_string@_WU?$char_traits@_W@std@@V?$allocator@_W@2@@std@@AAEAAV01@IV<lambda_1>@?1??append@01@QAEAAV01@I_W@Z@I_W@Z 1000fe00 f i misc.obj
 0001:0000efa0       ??$_Reallocate_grow_by@V<lambda_1>@?1??push_back@?$basic_string@DU?$char_traits@D@std@@V?$allocator@D@2@@std@@QAEXD@Z@D@?$basic_string@DU?$char_traits@D@std@@V?$allocator@D@2@@std@@AAEAAV01@IV<lambda_1>@?1??push_back@01@QAEXD@Z@D@Z 1000ffa0 f i misc.obj
 0001:0000f0d0       ??$_Destroy_range@V?$allocator@V?$basic_string@DU?$char_traits@D@std@@V?$allocator@D@2@@std@@@std@@@std@@YAXPAV?$basic_string@DU?$char_traits@D@std@@V?$allocator@D@2@@0@QAV10@AAV?$allocator@V?$basic_string@DU?$char_traits@D@std@@V?$allocator@D@2@@std@@@0@@Z 100100d0 f i misc.obj
 0001:0000f140       ??$_Destroy_range@V?$allocator@V?$basic_string@_WU?$char_traits@_W@std@@V?$allocator@_W@2@@std@@@std@@@std@@YAXPAV?$basic_string@_WU?$char_traits@_W@std@@V?$allocator@_W@2@@0@QAV10@AAV?$allocator@V?$basic_string@_WU?$char_traits@_W@std@@V?$allocator@_W@2@@std@@@0@@Z 10010140 f i misc.obj
 0001:0000f1b0       ??$throw_exception@Ubad_month@gregorian@boost@@@boost@@YAXABUbad_month@gregorian@0@@Z 100101b0 f i misc.obj
 0001:0000f1e0       ??$throw_exception@Ubad_year@gregorian@boost@@@boost@@YAXABUbad_year@gregorian@0@@Z 100101e0 f i misc.obj
 0001:0000f210       ??1?$wrapexcept@Ubad_month@gregorian@boost@@@boost@@UAE@XZ 10010210 f i misc.obj
 0001:0000f210       ??1?$wrapexcept@Ubad_day_of_month@gregorian@boost@@@boost@@UAE@XZ 10010210 f i misc.obj
 0001:0000f210       ??1?$wrapexcept@Vruntime_error@std@@@boost@@UAE@XZ 10010210 f i misc.obj
 0001:0000f210       ??1?$wrapexcept@Ubad_year@gregorian@boost@@@boost@@UAE@XZ 10010210 f i misc.obj
 0001:0000f290       ??0?$wrapexcept@Ubad_day_of_month@gregorian@boost@@@boost@@QAE@ABU01@@Z 10010290 f i misc.obj
 0001:0000f350       ??0bad_day_of_month@gregorian@boost@@QAE@ABU012@@Z 10010350 f i misc.obj
 0001:0000f390       ??0out_of_range@std@@QAE@ABV01@@Z 10010390 f i misc.obj
 0001:0000f3d0       ??0logic_error@std@@QAE@ABV01@@Z 100103d0 f i misc.obj
 0001:0000f410       ??0?$wrapexcept@Vruntime_error@std@@@boost@@QAE@ABU01@@Z 10010410 f i misc.obj
 0001:0000f4d0       ??1?$char_separator@DU?$char_traits@D@std@@@boost@@QAE@XZ 100104d0 f i misc.obj
 0001:0000f560       ??1?$tokenizer@V?$char_separator@DU?$char_traits@D@std@@@boost@@V?$_String_const_iterator@V?$_String_val@U?$_Simple_types@D@std@@@std@@@std@@V?$basic_string@DU?$char_traits@D@std@@V?$allocator@D@2@@4@@boost@@QAE@XZ 10010560 f i misc.obj
 0001:0000f570       ??1?$token_iterator@V?$char_separator@DU?$char_traits@D@std@@@boost@@V?$_String_const_iterator@V?$_String_val@U?$_Simple_types@D@std@@@std@@@std@@V?$basic_string@DU?$char_traits@D@std@@V?$allocator@D@2@@4@@boost@@QAE@XZ 10010570 f i misc.obj
 0001:0000f5d0       ??1?$vector@_NV?$allocator@_N@std@@@std@@QAE@XZ 100105d0 f i misc.obj
 0001:0000f5d0       ??1offset_separator@boost@@QAE@XZ 100105d0 f i misc.obj
 0001:0000f630       ??1?$tokenizer@Voffset_separator@boost@@V?$_String_const_iterator@V?$_String_val@U?$_Simple_types@D@std@@@std@@@std@@V?$basic_string@DU?$char_traits@D@std@@V?$allocator@D@2@@4@@boost@@QAE@XZ 10010630 f i misc.obj
 0001:0000f690       ??1?$token_iterator@Voffset_separator@boost@@V?$_String_const_iterator@V?$_String_val@U?$_Simple_types@D@std@@@std@@@std@@V?$basic_string@DU?$char_traits@D@std@@V?$allocator@D@2@@4@@boost@@QAE@XZ 10010690 f i misc.obj
 0001:0000f730       ??1?$string_parse_tree@D@date_time@boost@@QAE@XZ 10010730 f i misc.obj
 0001:0000f730       ??1?$multimap@DU?$string_parse_tree@D@date_time@boost@@U?$less@D@std@@V?$allocator@U?$pair@$$CBDU?$string_parse_tree@D@date_time@boost@@@std@@@5@@std@@QAE@XZ 10010730 f i misc.obj
 0001:0000f730       ??1?$special_values_parser@Vdate@gregorian@boost@@D@date_time@boost@@QAE@XZ 10010730 f i misc.obj
 0001:0000f740       ??_D?$basic_stringstream@DU?$char_traits@D@std@@V?$allocator@D@2@@std@@QAEXXZ 10010740 f i misc.obj
 0001:0000f780       ??1?$wrapexcept@Vbad_format_string@io@boost@@@boost@@UAE@XZ 10010780 f i misc.obj
 0001:0000f780       ??1?$wrapexcept@Vtoo_many_args@io@boost@@@boost@@UAE@XZ 10010780 f i misc.obj
 0001:0000f780       ??1?$wrapexcept@Vtoo_few_args@io@boost@@@boost@@UAE@XZ 10010780 f i misc.obj
 0001:0000f780       ??1?$wrapexcept@Vbad_lexical_cast@boost@@@boost@@UAE@XZ 10010780 f i misc.obj
 0001:0000f800       ??0?$wrapexcept@Vbad_format_string@io@boost@@@boost@@QAE@ABU01@@Z 10010800 f i misc.obj
 0001:0000f8d0       ??0bad_format_string@io@boost@@QAE@ABV012@@Z 100108d0 f i misc.obj
 0001:0000f910       ??0format_error@io@boost@@QAE@ABV012@@Z 10010910 f i misc.obj
 0001:0000f950       ??1?$basic_format@_WU?$char_traits@_W@std@@V?$allocator@_W@2@@boost@@QAE@XZ 10010950 f i misc.obj
 0001:0000fa30       ??1?$optional@Vlocale@std@@@boost@@QAE@XZ 10010a30 f i misc.obj
 0001:0000fa60       ??0?$wrapexcept@Ubad_month@gregorian@boost@@@boost@@QAE@ABU01@@Z 10010a60 f i misc.obj
 0001:0000fb20       ??0bad_month@gregorian@boost@@QAE@ABU012@@Z 10010b20 f i misc.obj
 0001:0000fb60       ??0?$wrapexcept@Ubad_year@gregorian@boost@@@boost@@QAE@ABU01@@Z 10010b60 f i misc.obj
 0001:0000fc20       ??0bad_year@gregorian@boost@@QAE@ABU012@@Z 10010c20 f i misc.obj
 0001:0000fc60       ??_E?$wrapexcept@Ubad_day_of_month@gregorian@boost@@@boost@@UAEPAXI@Z 10010c60 f i * CIL library *:* CIL module *
 0001:0000fc60       ??_G?$wrapexcept@Ubad_month@gregorian@boost@@@boost@@UAEPAXI@Z 10010c60 f i misc.obj
 0001:0000fc60       ??_G?$wrapexcept@Vruntime_error@std@@@boost@@UAEPAXI@Z 10010c60 f i misc.obj
 0001:0000fc60       ??_G?$wrapexcept@Ubad_year@gregorian@boost@@@boost@@UAEPAXI@Z 10010c60 f i misc.obj
 0001:0000fc60       ??_E?$wrapexcept@Ubad_year@gregorian@boost@@@boost@@UAEPAXI@Z 10010c60 f i * CIL library *:* CIL module *
 0001:0000fc60       ??_E?$wrapexcept@Ubad_month@gregorian@boost@@@boost@@UAEPAXI@Z 10010c60 f i * CIL library *:* CIL module *
 0001:0000fc60       ??_E?$wrapexcept@Vruntime_error@std@@@boost@@UAEPAXI@Z 10010c60 f i * CIL library *:* CIL module *
 0001:0000fc60       ??_G?$wrapexcept@Ubad_day_of_month@gregorian@boost@@@boost@@UAEPAXI@Z 10010c60 f i misc.obj
 0001:0000fcf0       ??_E?$wrapexcept@Vbad_lexical_cast@boost@@@boost@@UAEPAXI@Z 10010cf0 f i * CIL library *:* CIL module *
 0001:0000fcf0       ??_E?$wrapexcept@Vtoo_few_args@io@boost@@@boost@@UAEPAXI@Z 10010cf0 f i * CIL library *:* CIL module *
 0001:0000fcf0       ??_G?$wrapexcept@Vtoo_few_args@io@boost@@@boost@@UAEPAXI@Z 10010cf0 f i misc.obj
 0001:0000fcf0       ??_G?$wrapexcept@Vbad_format_string@io@boost@@@boost@@UAEPAXI@Z 10010cf0 f i misc.obj
 0001:0000fcf0       ??_G?$wrapexcept@Vtoo_many_args@io@boost@@@boost@@UAEPAXI@Z 10010cf0 f i misc.obj
 0001:0000fcf0       ??_E?$wrapexcept@Vbad_format_string@io@boost@@@boost@@UAEPAXI@Z 10010cf0 f i * CIL library *:* CIL module *
 0001:0000fcf0       ??_E?$wrapexcept@Vtoo_many_args@io@boost@@@boost@@UAEPAXI@Z 10010cf0 f i * CIL library *:* CIL module *
 0001:0000fcf0       ??_G?$wrapexcept@Vbad_lexical_cast@boost@@@boost@@UAEPAXI@Z 10010cf0 f i misc.obj
 0001:0000fd80       ?rethrow@?$wrapexcept@Ubad_year@gregorian@boost@@@boost@@UBEXXZ 10010d80 f i misc.obj
 0001:0000fdb0       ?clone@?$wrapexcept@Ubad_year@gregorian@boost@@@boost@@UBEPBVclone_base@exception_detail@2@XZ 10010db0 f i misc.obj
 0001:0000fe30       ??0?$wrapexcept@Ubad_year@gregorian@boost@@@boost@@QAE@ABUbad_year@gregorian@1@@Z 10010e30 f i misc.obj
 0001:0000fea0       ?rethrow@?$wrapexcept@Ubad_month@gregorian@boost@@@boost@@UBEXXZ 10010ea0 f i misc.obj
 0001:0000fed0       ?clone@?$wrapexcept@Ubad_month@gregorian@boost@@@boost@@UBEPBVclone_base@exception_detail@2@XZ 10010ed0 f i misc.obj
 0001:0000ff50       ??0?$wrapexcept@Ubad_month@gregorian@boost@@@boost@@QAE@ABUbad_month@gregorian@1@@Z 10010f50 f i misc.obj
 0001:0000ffc0       ?_Delete_this@?$_Ref_count_obj2@VDateImpl@@@std@@EAEXXZ 10010fc0 f i misc.obj
 0001:0000ffc0       ?_Delete_this@?$_Ref_count_obj2@VTimeDurationImpl@@@std@@EAEXXZ 10010fc0 f i misc.obj
 0001:0000ffc0       ?_Delete_this@?$_Ref_count_resource@PA_WU?$default_delete@$$BY0A@_W@std@@@std@@EAEXXZ 10010fc0 f i misc.obj
 0001:0000ffc0       ?_Delete_this@?$_Ref_count_obj2@VDateTimeImpl@@@std@@EAEXXZ 10010fc0 f i misc.obj
 0001:0000ffc0       ?_Delete_this@?$_Ref_count@VDateImpl@@@std@@EAEXXZ 10010fc0 f i misc.obj
 0001:0000ffc0       ?_Delete_this@?$_Ref_count@V?$basic_string@_WU?$char_traits@_W@std@@V?$allocator@_W@2@@std@@@std@@EAEXXZ 10010fc0 f i namevalue.obj
 0001:0000ffc0       ?_Delete_this@?$_Ref_count@VTimeDurationImpl@@@std@@EAEXXZ 10010fc0 f i misc.obj
 0001:0000ffc0       ?_Delete_this@?$_Ref_count@VNameValue@yloader@@@std@@EAEXXZ 10010fc0 f i namevalue.obj
 0001:0000ffc0       ?_Delete_this@?$_Ref_count_resource@PADU?$default_delete@$$BY0A@D@std@@@std@@EAEXXZ 10010fc0 f i misc.obj
 0001:0000ffc0       ?_Delete_this@?$_Ref_count@VDateTimeImpl@@@std@@EAEXXZ 10010fc0 f i misc.obj
 0001:0000ffc0       ?_Delete_this@?$_Ref_count_obj2@VDateDurationImpl@@@std@@EAEXXZ 10010fc0 f i misc.obj
 0001:0000ffd0       ?_Destroy@?$_Ref_count@VTimeDurationImpl@@@std@@EAEXXZ 10010fd0 f i misc.obj
 0001:0000ffd0       ?dispose@?$sp_counted_impl_p@V?$clone_impl@Ubad_exception_@exception_detail@boost@@@exception_detail@boost@@@detail@boost@@UAEXXZ 10010fd0 f i misc.obj
 0001:0000ffd0       ?_Destroy@?$_Ref_count@VDateImpl@@@std@@EAEXXZ 10010fd0 f i misc.obj
 0001:0000ffd0       ?dispose@?$sp_counted_impl_p@V?$clone_impl@Ubad_alloc_@exception_detail@boost@@@exception_detail@boost@@@detail@boost@@UAEXXZ 10010fd0 f i misc.obj
 0001:0000ffd0       ?_Destroy@?$_Ref_count@VDateTimeImpl@@@std@@EAEXXZ 10010fd0 f i misc.obj
 0001:0000ffe0       ??1?$unique_ptr@V_Facet_base@std@@U?$default_delete@V_Facet_base@std@@@2@@std@@QAE@XZ 10010fe0 f i misc.obj
 0001:0000ffe0       ??1?$_Temporary_owner@VDateTimeImpl@@@std@@QAE@XZ 10010fe0 f i misc.obj
 0001:0000ffe0       ??1?$_Temporary_owner@VTimeDurationImpl@@@std@@QAE@XZ 10010fe0 f i misc.obj
 0001:0000ffe0       ??1?$_Temporary_owner@VDateImpl@@@std@@QAE@XZ 10010fe0 f i misc.obj
 0001:0000fff0       ?_Destroy@?$_Ref_count_obj2@VDateTimeImpl@@@std@@EAEXXZ 10010ff0 f i misc.obj
 0001:0000fff0       ?_Destroy@?$_Ref_count_obj2@VTimeDurationImpl@@@std@@EAEXXZ 10010ff0 f i misc.obj
 0001:00010000       ?_Destroy@?$_Ref_count_obj2@VDateImpl@@@std@@EAEXXZ 10011000 f i misc.obj
 0001:00010000       ?_Destroy@?$_Ref_count_obj2@VDateDurationImpl@@@std@@EAEXXZ 10011000 f i misc.obj
 0001:00010010       ?rethrow@?$wrapexcept@Vbad_format_string@io@boost@@@boost@@UBEXXZ 10011010 f i misc.obj
 0001:00010040       ?clone@?$wrapexcept@Vbad_format_string@io@boost@@@boost@@UBEPBVclone_base@exception_detail@2@XZ 10011040 f i misc.obj
 0001:000100c0       ??0?$wrapexcept@Vbad_format_string@io@boost@@@boost@@QAE@ABVbad_format_string@io@1@@Z 100110c0 f i misc.obj
 0001:00010140       ??0?$special_values_parser@Vdate@gregorian@boost@@D@date_time@boost@@QAE@XZ 10011140 f i misc.obj
 0001:00010440       ??1?$_Tree@V?$_Tmap_traits@DU?$string_parse_tree@D@date_time@boost@@U?$less@D@std@@V?$allocator@U?$pair@$$CBDU?$string_parse_tree@D@date_time@boost@@@std@@@5@$00@std@@@std@@QAE@XZ 10011440 f i misc.obj
 0001:00010490       ?rethrow@?$wrapexcept@Vruntime_error@std@@@boost@@UBEXXZ 10011490 f i misc.obj
 0001:000104c0       ?clone@?$wrapexcept@Vruntime_error@std@@@boost@@UBEPBVclone_base@exception_detail@2@XZ 100114c0 f i misc.obj
 0001:00010540       ??0?$wrapexcept@Vruntime_error@std@@@boost@@QAE@ABVruntime_error@std@@@Z 10011540 f i misc.obj
 0001:000105b0       ?rethrow@?$wrapexcept@Ubad_day_of_month@gregorian@boost@@@boost@@UBEXXZ 100115b0 f i misc.obj
 0001:000105e0       ?clone@?$wrapexcept@Ubad_day_of_month@gregorian@boost@@@boost@@UBEPBVclone_base@exception_detail@2@XZ 100115e0 f i misc.obj
 0001:00010660       ??0?$wrapexcept@Ubad_day_of_month@gregorian@boost@@@boost@@QAE@ABUbad_day_of_month@gregorian@1@@Z 10011660 f i misc.obj
 0001:000106d0       ?_Xlength@?$vector@U?$format_item@_WU?$char_traits@_W@std@@V?$allocator@_W@2@@detail@io@boost@@V?$allocator@U?$format_item@_WU?$char_traits@_W@std@@V?$allocator@_W@2@@detail@io@boost@@@std@@@std@@CAXXZ 100116d0 f i misc.obj
 0001:000106d0       ?_Xlength@?$vector@V?$basic_string@_WU?$char_traits@_W@std@@V?$allocator@_W@2@@std@@V?$allocator@V?$basic_string@_WU?$char_traits@_W@std@@V?$allocator@_W@2@@std@@@2@@std@@CAXXZ 100116d0 f i misc.obj
 0001:000106d0       ?_Xlength@?$vector@V?$basic_string@DU?$char_traits@D@std@@V?$allocator@D@2@@std@@V?$allocator@V?$basic_string@DU?$char_traits@D@std@@V?$allocator@D@2@@std@@@2@@std@@CAXXZ 100116d0 f i misc.obj
 0001:000106d0       ?_Xlength@?$vector@V?$shared_ptr@VNameValue@yloader@@@std@@V?$allocator@V?$shared_ptr@VNameValue@yloader@@@std@@@2@@std@@CAXXZ 100116d0 f i namevalue.obj
 0001:000106e0       ?_Change_array@?$vector@V?$basic_string@DU?$char_traits@D@std@@V?$allocator@D@2@@std@@V?$allocator@V?$basic_string@DU?$char_traits@D@std@@V?$allocator@D@2@@std@@@2@@std@@AAEXQAV?$basic_string@DU?$char_traits@D@std@@V?$allocator@D@2@@2@II@Z 100116e0 f i misc.obj
 0001:00010770       ??1?$vector@U?$format_item@_WU?$char_traits@_W@std@@V?$allocator@_W@2@@detail@io@boost@@V?$allocator@U?$format_item@_WU?$char_traits@_W@std@@V?$allocator@_W@2@@detail@io@boost@@@std@@@std@@QAE@XZ 10011770 f i misc.obj
 0001:00010800       ?end@?$tokenizer@Voffset_separator@boost@@V?$_String_const_iterator@V?$_String_val@U?$_Simple_types@D@std@@@std@@@std@@V?$basic_string@DU?$char_traits@D@std@@V?$allocator@D@2@@4@@boost@@QBE?AV?$token_iterator@Voffset_separator@boost@@V?$_String_const_iterator@V?$_String_val@U?$_Simple_types@D@std@@@std@@@std@@V?$basic_string@DU?$char_traits@D@std@@V?$allocator@D@2@@4@@2@XZ 10011800 f i misc.obj
 0001:000108a0       ?begin@?$tokenizer@Voffset_separator@boost@@V?$_String_const_iterator@V?$_String_val@U?$_Simple_types@D@std@@@std@@@std@@V?$basic_string@DU?$char_traits@D@std@@V?$allocator@D@2@@4@@boost@@QBE?AV?$token_iterator@Voffset_separator@boost@@V?$_String_const_iterator@V?$_String_val@U?$_Simple_types@D@std@@@std@@@std@@V?$basic_string@DU?$char_traits@D@std@@V?$allocator@D@2@@4@@2@XZ 100118a0 f i misc.obj
 0001:00010940       ?_Getcat@?$numpunct@_W@std@@SAIPAPBVfacet@locale@2@PBV42@@Z 10011940 f i misc.obj
 0001:00010b20       ?_Getcat@?$numpunct@D@std@@SAIPAPBVfacet@locale@2@PBV42@@Z 10011b20 f i misc.obj
 0001:00010d00       ??0?$basic_string@_WU?$char_traits@_W@std@@V?$allocator@_W@2@@std@@QAE@U_String_constructor_concat_tag@1@AAV01@1@Z 10011d00 f i misc.obj
 0001:00010f40       ??0?$basic_string@_WU?$char_traits@_W@std@@V?$allocator@_W@2@@std@@QAE@U_String_constructor_concat_tag@1@ABV01@QB_WI2I@Z 10011f40 f i misc.obj
 0001:00011030       ??_G?$_Ref_count@VDateTimeImpl@@@std@@UAEPAXI@Z 10012030 f i misc.obj
 0001:00011030       ??_E?$_Ref_count@VTimeDurationImpl@@@std@@UAEPAXI@Z 10012030 f i * CIL library *:* CIL module *
 0001:00011030       ??_G?$_Ref_count_resource@PADU?$default_delete@$$BY0A@D@std@@@std@@UAEPAXI@Z 10012030 f i misc.obj
 0001:00011030       ??_E?$_Ref_count@VNameValue@yloader@@@std@@UAEPAXI@Z 10012030 f i * CIL library *:* CIL module *
 0001:00011030       ??_E?$_Ref_count@VDateTimeImpl@@@std@@UAEPAXI@Z 10012030 f i * CIL library *:* CIL module *
 0001:00011030       ??_G?$_Ref_count@V?$basic_string@_WU?$char_traits@_W@std@@V?$allocator@_W@2@@std@@@std@@UAEPAXI@Z 10012030 f i namevalue.obj
 0001:00011030       ??_E?$_Ref_count@V?$basic_string@_WU?$char_traits@_W@std@@V?$allocator@_W@2@@std@@@std@@UAEPAXI@Z 10012030 f i * CIL library *:* CIL module *
 0001:00011030       ??_E?$_Ref_count_resource@PA_WU?$default_delete@$$BY0A@_W@std@@@std@@UAEPAXI@Z 10012030 f i * CIL library *:* CIL module *
 0001:00011030       ??_G?$_Ref_count@VDateImpl@@@std@@UAEPAXI@Z 10012030 f i misc.obj
 0001:00011030       ??_E?$_Ref_count@VDateImpl@@@std@@UAEPAXI@Z 10012030 f i * CIL library *:* CIL module *
 0001:00011030       ??_G?$_Ref_count_resource@PA_WU?$default_delete@$$BY0A@_W@std@@@std@@UAEPAXI@Z 10012030 f i misc.obj
 0001:00011030       ??_E?$_Ref_count_resource@PADU?$default_delete@$$BY0A@D@std@@@std@@UAEPAXI@Z 10012030 f i * CIL library *:* CIL module *
 0001:00011030       ??_G?$_Ref_count@VTimeDurationImpl@@@std@@UAEPAXI@Z 10012030 f i misc.obj
 0001:00011030       ??_G?$_Ref_count@VNameValue@yloader@@@std@@UAEPAXI@Z 10012030 f i namevalue.obj
 0001:00011050       ??_E?$_Ref_count_obj2@VDateTimeImpl@@@std@@UAEPAXI@Z 10012050 f i * CIL library *:* CIL module *
 0001:00011050       ??_G?$_Ref_count_obj2@VDateTimeImpl@@@std@@UAEPAXI@Z 10012050 f i misc.obj
 0001:00011080       ??_G?$_Ref_count_obj2@VTimeDurationImpl@@@std@@UAEPAXI@Z 10012080 f i misc.obj
 0001:00011080       ??_E?$_Ref_count_obj2@VTimeDurationImpl@@@std@@UAEPAXI@Z 10012080 f i * CIL library *:* CIL module *
 0001:000110b0       ??_E?$_Ref_count_obj2@VDateImpl@@@std@@UAEPAXI@Z 100120b0 f i * CIL library *:* CIL module *
 0001:000110b0       ??_G?$_Ref_count_obj2@VDateImpl@@@std@@UAEPAXI@Z 100120b0 f i misc.obj
 0001:000110e0       ??_E?$_Ref_count_obj2@VDateDurationImpl@@@std@@UAEPAXI@Z 100120e0 f i * CIL library *:* CIL module *
 0001:000110e0       ??_G?$_Ref_count_obj2@VDateDurationImpl@@@std@@UAEPAXI@Z 100120e0 f i misc.obj
 0001:00011110       ??0bad_exception@std@@QAE@ABV01@@Z 10012110 f i misc.obj
 0001:00011150       ??_G?$basic_stringstream@DU?$char_traits@D@std@@V?$allocator@D@2@@std@@UAEPAXI@Z 10012150 f i misc.obj
 0001:00011150       ??_E?$basic_stringstream@DU?$char_traits@D@std@@V?$allocator@D@2@@std@@UAEPAXI@Z 10012150 f i * CIL library *:* CIL module *
 0001:000111b0       ??1deleter@?$wrapexcept@Vtoo_many_args@io@boost@@@boost@@QAE@XZ 100121b0 f i misc.obj
 0001:000111b0       ??1deleter@?$wrapexcept@Ubad_day_of_month@gregorian@boost@@@boost@@QAE@XZ 100121b0 f i misc.obj
 0001:000111b0       ??1deleter@?$wrapexcept@Vruntime_error@std@@@boost@@QAE@XZ 100121b0 f i misc.obj
 0001:000111b0       ??1deleter@?$wrapexcept@Vbad_lexical_cast@boost@@@boost@@QAE@XZ 100121b0 f i misc.obj
 0001:000111b0       ??1deleter@?$wrapexcept@Ubad_year@gregorian@boost@@@boost@@QAE@XZ 100121b0 f i misc.obj
 0001:000111b0       ??1deleter@?$wrapexcept@Vtoo_few_args@io@boost@@@boost@@QAE@XZ 100121b0 f i misc.obj
 0001:000111b0       ??1deleter@?$wrapexcept@Ubad_month@gregorian@boost@@@boost@@QAE@XZ 100121b0 f i misc.obj
 0001:000111b0       ??1deleter@?$wrapexcept@Vbad_format_string@io@boost@@@boost@@QAE@XZ 100121b0 f i misc.obj
 0001:000111c0       ?ymd_to_string@?$ymd_formatter@U?$year_month_day_base@Vgreg_year@gregorian@boost@@Vgreg_month@23@Vgreg_day@23@@date_time@boost@@V?$simple_format@_W@23@_W@date_time@boost@@SA?AV?$basic_string@_WU?$char_traits@_W@std@@V?$allocator@_W@2@@std@@U?$year_month_day_base@Vgreg_year@gregorian@boost@@Vgreg_month@23@Vgreg_day@23@@23@@Z 100121c0 f i misc.obj
 0001:000113b0       ?ymd_to_string@?$ymd_formatter@U?$year_month_day_base@Vgreg_year@gregorian@boost@@Vgreg_month@23@Vgreg_day@23@@date_time@boost@@V?$iso_format@_W@23@_W@date_time@boost@@SA?AV?$basic_string@_WU?$char_traits@_W@std@@V?$allocator@_W@2@@std@@U?$year_month_day_base@Vgreg_year@gregorian@boost@@Vgreg_month@23@Vgreg_day@23@@23@@Z 100123b0 f i misc.obj
[...]
      122    ?makeMinDate@DateAbstr@yloader@@SA?AV?$shared_ptr@VDateAbstr@yloader@@@std@@XZ (public: static class std::shared_ptr<class yloader::DateAbstr> __cdecl yloader::DateAbstr::makeMinDate(void))
      123    ?makeMinDateTime@DateTimeAbstr@yloader@@SA?AV?$shared_ptr@VDateTimeAbstr@yloader@@@std@@XZ (public: static class std::shared_ptr<class yloader::DateTimeAbstr> __cdecl yloader::DateTimeAbstr::makeMinDateTime(void))
      124    ?makeNegInfinity@DateAbstr@yloader@@SA?AV?$shared_ptr@VDateAbstr@yloader@@@std@@XZ (public: static class std::shared_ptr<class yloader::DateAbstr> __cdecl yloader::DateAbstr::makeNegInfinity(void))
      125    ?makeNegInfinity@DateTimeAbstr@yloader@@SA?AV?$shared_ptr@VDateTimeAbstr@yloader@@@std@@XZ (public: static class std::shared_ptr<class yloader::DateTimeAbstr> __cdecl yloader::DateTimeAbstr::makeNegInfinity(void))
      126    ?makeNotADate@DateAbstr@yloader@@SA?AV?$shared_ptr@VDateAbstr@yloader@@@std@@XZ (public: static class std::shared_ptr<class yloader::DateAbstr> __cdecl yloader::DateAbstr::makeNotADate(void))
      127    ?makeNotADateTime@DateTimeAbstr@yloader@@SA?AV?$shared_ptr@VDateTimeAbstr@yloader@@@std@@XZ (public: static class std::shared_ptr<class yloader::DateTimeAbstr> __cdecl yloader::DateTimeAbstr::makeNotADateTime(void))
      128    ?makePosInfinity@DateAbstr@yloader@@SA?AV?$shared_ptr@VDateAbstr@yloader@@@std@@XZ (public: static class std::shared_ptr<class yloader::DateAbstr> __cdecl yloader::DateAbstr::makePosInfinity(void))
      129    ?makePosInfinity@DateTimeAbstr@yloader@@SA?AV?$shared_ptr@VDateTimeAbstr@yloader@@@std@@XZ (public: static class std::shared_ptr<class yloader::DateTimeAbstr> __cdecl yloader::DateTimeAbstr::makePosInfinity(void))
      130    ?max_size@?$_Tree@V?$_Tmap_traits@V?$basic_string@_WU?$char_traits@_W@std@@V?$allocator@_W@2@@std@@V?$shared_ptr@VNameValue@yloader@@@2@U?$less@V?$basic_string@_WU?$char_traits@_W@std@@V?$allocator@_W@2@@std@@@2@V?$allocator@U?$pair@$$CBV?$basic_string@_WU?$char_traits@_W@std@@V?$allocator@_W@2@@std@@V?$shared_ptr@VNameValue@yloader@@@2@@std@@@2@$00@std@@@std@@QBEIXZ (public: unsigned int __thiscall std::_Tree<class std::_Tmap_traits<class std::basic_string<wchar_t,struct std::char_traits<wchar_t>,class std::allocator<wchar_t> >,class std::shared_ptr<class yloader::NameValue>,struct std::less<class std::basic_string<wchar_t,struct std::char_traits<wchar_t>,class std::allocator<wchar_t> > >,class std::allocator<struct std::pair<class std::basic_string<wchar_t,struct std::char_traits<wchar_t>,class std::allocator<wchar_t> > const ,class std::shared_ptr<class yloader::NameValue> > >,1> >::max_size(void)const )
      131    ?minor@Version@yloader@@QBEIXZ (public: unsigned int __thiscall yloader::Version::minor(void)const )
      132    ?parse@Version@yloader@@AAEXPB_W@Z (private: void __thiscall yloader::Version::parse(wchar_t const *))
      133    ?push_back@NameValueMap@yloader@@QAEXABVNameValue@2@@Z (public: void __thiscall yloader::NameValueMap::push_back(class yloader::NameValue const &))
      134    ?rbegin@?$_Tree@V?$_Tmap_traits@V?$basic_string@_WU?$char_traits@_W@std@@V?$allocator@_W@2@@std@@V?$shared_ptr@VNameValue@yloader@@@2@U?$less@V?$basic_string@_WU?$char_traits@_W@std@@V?$allocator@_W@2@@std@@@2@V?$allocator@U?$pair@$$CBV?$basic_string@_WU?$char_traits@_W@std@@V?$allocator@_W@2@@std@@V?$shared_ptr@VNameValue@yloader@@@2@@std@@@2@$00@std@@@std@@QAE?AV?$reverse_iterator@V?$_Tree_iterator@V?$_Tree_val@U?$_Tree_simple_types@U?$pair@$$CBV?$basic_string@_WU?$char_traits@_W@std@@V?$allocator@_W@2@@std@@V?$shared_ptr@VNameValue@yloader@@@2@@std@@@std@@@std@@@std@@@2@XZ (public: class std::reverse_iterator<class std::_Tree_iterator<class std::_Tree_val<struct std::_Tree_simple_types<struct std::pair<class std::basic_string<wchar_t,struct std::char_traits<wchar_t>,class std::allocator<wchar_t> > const ,class std::shared_ptr<class yloader::NameValue> > > > > > __thiscall std::_Tree<class std::_Tmap_traits<class std::basic_string<wchar_t,struct std::char_traits<wchar_t>,class std::allocator<wchar_t> >,class std::shared_ptr<class yloader::NameValue>,struct std::less<class std::basic_string<wchar_t,struct std::char_traits<wchar_t>,class std::allocator<wchar_t> > >,class std::allocator<struct std::pair<class std::basic_string<wchar_t,struct std::char_traits<wchar_t>,class std::allocator<wchar_t> > const ,class std::shared_ptr<class yloader::NameValue> > >,1> >::rbegin(void))
      135    ?rbegin@?$_Tree@V?$_Tmap_traits@V?$basic_string@_WU?$char_traits@_W@std@@V?$allocator@_W@2@@std@@V?$shared_ptr@VNameValue@yloader@@@2@U?$less@V?$basic_string@_WU?$char_traits@_W@std@@V?$allocator@_W@2@@std@@@2@V?$allocator@U?$pair@$$CBV?$basic_string@_WU?$char_traits@_W@std@@V?$allocator@_W@2@@std@@V?$shared_ptr@VNameValue@yloader@@@2@@std@@@2@$00@std@@@std@@QBE?AV?$reverse_iterator@V?$_Tree_const_iterator@V?$_Tree_val@U?$_Tree_simple_types@U?$pair@$$CBV?$basic_string@_WU?$char_traits@_W@std@@V?$allocator@_W@2@@std@@V?$shared_ptr@VNameValue@yloader@@@2@@std@@@std@@@std@@@std@@@2@XZ (public: class std::reverse_iterator<class std::_Tree_const_iterator<class std::_Tree_val<struct std::_Tree_simple_types<struct std::pair<class std::basic_string<wchar_t,struct std::char_traits<wchar_t>,class std::allocator<wchar_t> > const ,class std::shared_ptr<class yloader::NameValue> > > > > > __thiscall std::_Tree<class std::_Tmap_traits<class std::basic_string<wchar_t,struct std::char_traits<wchar_t>,class std::allocator<wchar_t> >,class std::shared_ptr<class yloader::NameValue>,struct std::less<class std::basic_string<wchar_t,struct std::char_traits<wchar_t>,class std::allocator<wchar_t> > >,class std::allocator<struct std::pair<class std::basic_string<wchar_t,struct std::char_traits<wchar_t>,class std::allocator<wchar_t> > const ,class std::shared_ptr<class yloader::NameValue> > >,1> >::rbegin(void)const )
      136    ?rend@?$_Tree@V?$_Tmap_traits@V?$basic_string@_WU?$char_traits@_W@std@@V?$allocator@_W@2@@std@@V?$shared_ptr@VNameValue@yloader@@@2@U?$less@V?$basic_string@_WU?$char_traits@_W@std@@V?$allocator@_W@2@@std@@@2@V?$allocator@U?$pair@$$CBV?$basic_string@_WU?$char_traits@_W@std@@V?$allocator@_W@2@@std@@V?$shared_ptr@VNameValue@yloader@@@2@@std@@@2@$00@std@@@std@@QAE?AV?$reverse_iterator@V?$_Tree_iterator@V?$_Tree_val@U?$_Tree_simple_types@U?$pair@$$CBV?$basic_string@_WU?$char_traits@_W@std@@V?$allocator@_W@2@@std@@V?$shared_ptr@VNameValue@yloader@@@2@@std@@@std@@@std@@@std@@@2@XZ (public: class std::reverse_iterator<class std::_Tree_iterator<class std::_Tree_val<struct std::_Tree_simple_types<struct std::pair<class std::basic_string<wchar_t,struct std::char_traits<wchar_t>,class std::allocator<wchar_t> > const ,class std::shared_ptr<class yloader::NameValue> > > > > > __thiscall std::_Tree<class std::_Tmap_traits<class std::basic_string<wchar_t,struct std::char_traits<wchar_t>,class std::allocator<wchar_t> >,class std::shared_ptr<class yloader::NameValue>,struct std::less<class std::basic_string<wchar_t,struct std::char_traits<wchar_t>,class std::allocator<wchar_t> > >,class std::allocator<struct std::pair<class std::basic_string<wchar_t,struct std::char_traits<wchar_t>,class std::allocator<wchar_t> > const ,class std::shared_ptr<class yloader::NameValue> > >,1> >::rend(void))
      137    ?rend@?$_Tree@V?$_Tmap_traits@V?$basic_string@_WU?$char_traits@_W@std@@V?$allocator@_W@2@@std@@V?$shared_ptr@VNameValue@yloader@@@2@U?$less@V?$basic_string@_WU?$char_traits@_W@std@@V?$allocator@_W@2@@std@@@2@V?$allocator@U?$pair@$$CBV?$basic_string@_WU?$char_traits@_W@std@@V?$allocator@_W@2@@std@@V?$shared_ptr@VNameValue@yloader@@@2@@std@@@2@$00@std@@@std@@QBE?AV?$reverse_iterator@V?$_Tree_const_iterator@V?$_Tree_val@U?$_Tree_simple_types@U?$pair@$$CBV?$basic_string@_WU?$char_traits@_W@std@@V?$allocator@_W@2@@std@@V?$shared_ptr@VNameValue@yloader@@@2@@std@@@std@@@std@@@std@@@2@XZ (public: class std::reverse_iterator<class std::_Tree_const_iterator<class std::_Tree_val<struct std::_Tree_simple_types<struct std::pair<class std::basic_string<wchar_t,struct std::char_traits<wchar_t>,class std::allocator<wchar_t> > const ,class std::shared_ptr<class yloader::NameValue> > > > > > __thiscall std::_Tree<class std::_Tmap_traits<class std::basic_string<wchar_t,struct std::char_traits<wchar_t>,class std::allocator<wchar_t> >,class std::shared_ptr<class yloader::NameValue>,struct std::less<class std::basic_string<wchar_t,struct std::char_traits<wchar_t>,class std::allocator<wchar_t> > >,class std::allocator<struct std::pair<class std::basic_string<wchar_t,struct std::char_traits<wchar_t>,class std::allocator<wchar_t> > const ,class std::shared_ptr<class yloader::NameValue> > >,1> >::rend(void)const )
      138    ?revision@Version@yloader@@QBEIXZ (public: unsigned int __thiscall yloader::Version::revision(void)const )
      139    ?set@NameValueMap@yloader@@QAEXABVNameValue@2@@Z (public: void __thiscall yloader::NameValueMap::set(class yloader::NameValue const &))
      140    ?size@?$_Tree@V?$_Tmap_traits@V?$basic_string@_WU?$char_traits@_W@std@@V?$allocator@_W@2@@std@@V?$shared_ptr@VNameValue@yloader@@@2@U?$less@V?$basic_string@_WU?$char_traits@_W@std@@V?$allocator@_W@2@@std@@@2@V?$allocator@U?$pair@$$CBV?$basic_string@_WU?$char_traits@_W@std@@V?$allocator@_W@2@@std@@V?$shared_ptr@VNameValue@yloader@@@2@@std@@@2@$00@std@@@std@@QBEIXZ (public: unsigned int __thiscall std::_Tree<class std::_Tmap_traits<class std::basic_string<wchar_t,struct std::char_traits<wchar_t>,class std::allocator<wchar_t> >,class std::shared_ptr<class yloader::NameValue>,struct std::less<class std::basic_string<wchar_t,struct std::char_traits<wchar_t>,class std::allocator<wchar_t> > >,class std::allocator<struct std::pair<class std::basic_string<wchar_t,struct std::char_traits<wchar_t>,class std::allocator<wchar_t> > const ,class std::shared_ptr<class yloader::NameValue> > >,1> >::size(void)const )
      141    ?swap@?$_Tree@V?$_Tmap_traits@V?$basic_string@_WU?$char_traits@_W@std@@V?$allocator@_W@2@@std@@V?$shared_ptr@VNameValue@yloader@@@2@U?$less@V?$basic_string@_WU?$char_traits@_W@std@@V?$allocator@_W@2@@std@@@2@V?$allocator@U?$pair@$$CBV?$basic_string@_WU?$char_traits@_W@std@@V?$allocator@_W@2@@std@@V?$shared_ptr@VNameValue@yloader@@@2@@std@@@2@$00@std@@@std@@QAEXAAV12@@Z (public: void __thiscall std::_Tree<class std::_Tmap_traits<class std::basic_string<wchar_t,struct std::char_traits<wchar_t>,class std::allocator<wchar_t> >,class std::shared_ptr<class yloader::NameValue>,struct std::less<class std::basic_string<wchar_t,struct std::char_traits<wchar_t>,class std::allocator<wchar_t> > >,class std::allocator<struct std::pair<class std::basic_string<wchar_t,struct std::char_traits<wchar_t>,class std::allocator<wchar_t> > const ,class std::shared_ptr<class yloader::NameValue> > >,1> >::swap(class std::_Tree<class std::_Tmap_traits<class std::basic_string<wchar_t,struct std::char_traits<wchar_t>,class std::allocator<wchar_t> >,class std::shared_ptr<class yloader::NameValue>,struct std::less<class std::basic_string<wchar_t,struct std::char_traits<wchar_t>,class std::allocator<wchar_t> > >,class std::allocator<struct std::pair<class std::basic_string<wchar_t,struct std::char_traits<wchar_t>,class std::allocator<wchar_t> > const ,class std::shared_ptr<class yloader::NameValue> > >,1> > &))
      142    ?swap@?$multimap@V?$basic_string@_WU?$char_traits@_W@std@@V?$allocator@_W@2@@std@@V?$shared_ptr@VNameValue@yloader@@@2@U?$less@V?$basic_string@_WU?$char_traits@_W@std@@V?$allocator@_W@2@@std@@@2@V?$allocator@U?$pair@$$CBV?$basic_string@_WU?$char_traits@_W@std@@V?$allocator@_W@2@@std@@V?$shared_ptr@VNameValue@yloader@@@2@@std@@@2@@std@@QAEXAAV12@@Z (public: void __thiscall std::multimap<class std::basic_string<wchar_t,struct std::char_traits<wchar_t>,class std::allocator<wchar_t> >,class std::shared_ptr<class yloader::NameValue>,struct std::less<class std::basic_string<wchar_t,struct std::char_traits<wchar_t>,class std::allocator<wchar_t> > >,class std::allocator<struct std::pair<class std::basic_string<wchar_t,struct std::char_traits<wchar_t>,class std::allocator<wchar_t> > const ,class std::shared_ptr<class yloader::NameValue> > > >::swap(class std::multimap<class std::basic_string<wchar_t,struct std::char_traits<wchar_t>,class std::allocator<wchar_t> >,class std::shared_ptr<class yloader::NameValue>,struct std::less<class std::basic_string<wchar_t,struct std::char_traits<wchar_t>,class std::allocator<wchar_t> > >,class std::allocator<struct std::pair<class std::basic_string<wchar_t,struct std::char_traits<wchar_t>,class std::allocator<wchar_t> > const ,class std::shared_ptr<class yloader::NameValue> > > > &))
      143    ?toShortString@Version@yloader@@QBE?AV?$basic_string@_WU?$char_traits@_W@std@@V?$allocator@_W@2@@std@@XZ (public: class std::basic_string<wchar_t,struct std::char_traits<wchar_t>,class std::allocator<wchar_t> > __thiscall yloader::Version::toShortString(void)const )
      144    ?toString@Date@yloader@@QBE?AV?$basic_string@_WU?$char_traits@_W@std@@V?$allocator@_W@2@@std@@W4DateFormat@2@ABV34@@Z (public: class std::basic_string<wchar_t,struct std::char_traits<wchar_t>,class std::allocator<wchar_t> > __thiscall yloader::Date::toString(enum yloader::DateFormat,class std::basic_string<wchar_t,struct std::char_traits<wchar_t>,class std::allocator<wchar_t> > const &)const )
      145    ?toString@NameValueMap@yloader@@QBE?AV?$shared_ptr@V?$basic_string@_WU?$char_traits@_W@std@@V?$allocator@_W@2@@std@@@std@@_N@Z (public: class std::shared_ptr<class std::basic_string<wchar_t,struct std::char_traits<wchar_t>,class std::allocator<wchar_t> > > __thiscall yloader::NameValueMap::toString(bool)const )
      146    ?toString@Version@yloader@@QBE?AV?$basic_string@_WU?$char_traits@_W@std@@V?$allocator@_W@2@@std@@XZ (public: class std::basic_string<wchar_t,struct std::char_traits<wchar_t>,class std::allocator<wchar_t> > __thiscall yloader::Version::toString(void)const )
      147    ?tsprint@yloader@@YAAAV?$basic_ostream@_WU?$char_traits@_W@std@@@std@@ABV?$basic_ostringstream@_WU?$char_traits@_W@std@@V?$allocator@_W@2@@3@AAV23@@Z (class std::basic_ostream<wchar_t,struct std::char_traits<wchar_t> > & __cdecl yloader::tsprint(class std::basic_ostringstream<wchar_t,struct std::char_traits<wchar_t>,class std::allocator<wchar_t> > const &,class std::basic_ostream<wchar_t,struct std::char_traits<wchar_t> > &))
      148    ?tsprint@yloader@@YAAAV?$basic_ostream@_WU?$char_traits@_W@std@@@std@@ABV?$basic_string@_WU?$char_traits@_W@std@@V?$allocator@_W@2@@3@AAV23@@Z (class std::basic_ostream<wchar_t,struct std::char_traits<wchar_t> > & __cdecl yloader::tsprint(class std::basic_string<wchar_t,struct std::char_traits<wchar_t>,class std::allocator<wchar_t> > const &,class std::basic_ostream<wchar_t,struct std::char_traits<wchar_t> > &))
      149    ?universalTime@DateTimeAbstr@yloader@@SA?AV?$shared_ptr@VDateTimeAbstr@yloader@@@std@@XZ (public: static class std::shared_ptr<class yloader::DateTimeAbstr> __cdecl yloader::DateTimeAbstr::universalTime(void))
      150    ?upper_bound@?$_Tree@V?$_Tmap_traits@V?$basic_string@_WU?$char_traits@_W@std@@V?$allocator@_W@2@@std@@V?$shared_ptr@VNameValue@yloader@@@2@U?$less@V?$basic_string@_WU?$char_traits@_W@std@@V?$allocator@_W@2@@std@@@2@V?$allocator@U?$pair@$$CBV?$basic_string@_WU?$char_traits@_W@std@@V?$allocator@_W@2@@std@@V?$shared_ptr@VNameValue@yloader@@@2@@std@@@2@$00@std@@@std@@QAE?AV?$_Tree_iterator@V?$_Tree_val@U?$_Tree_simple_types@U?$pair@$$CBV?$basic_string@_WU?$char_traits@_W@std@@V?$allocator@_W@2@@std@@V?$shared_ptr@VNameValue@yloader@@@2@@std@@@std@@@std@@@2@ABV?$basic_string@_WU?$char_traits@_W@std@@V?$allocator@_W@2@@2@@Z (public: class std::_Tree_iterator<class std::_Tree_val<struct std::_Tree_simple_types<struct std::pair<class std::basic_string<wchar_t,struct std::char_traits<wchar_t>,class std::allocator<wchar_t> > const ,class std::shared_ptr<class yloader::NameValue> > > > > __thiscall std::_Tree<class std::_Tmap_traits<class std::basic_string<wchar_t,struct std::char_traits<wchar_t>,class std::allocator<wchar_t> >,class std::shared_ptr<class yloader::NameValue>,struct std::less<class std::basic_string<wchar_t,struct std::char_traits<wchar_t>,class std::allocator<wchar_t> > >,class std::allocator<struct std::pair<class std::basic_string<wchar_t,struct std::char_traits<wchar_t>,class std::allocator<wchar_t> > const ,class std::shared_ptr<class yloader::NameValue> > >,1> >::upper_bound(class std::basic_string<wchar_t,struct std::char_traits<wchar_t>,class std::allocator<wchar_t> > const &))
      151    ?upper_bound@?$_Tree@V?$_Tmap_traits@V?$basic_string@_WU?$char_traits@_W@std@@V?$allocator@_W@2@@std@@V?$shared_ptr@VNameValue@yloader@@@2@U?$less@V?$basic_string@_WU?$char_traits@_W@std@@V?$allocator@_W@2@@std@@@2@V?$allocator@U?$pair@$$CBV?$basic_string@_WU?$char_traits@_W@std@@V?$allocator@_W@2@@std@@V?$shared_ptr@VNameValue@yloader@@@2@@std@@@2@$00@std@@@std@@QBE?AV?$_Tree_const_iterator@V?$_Tree_val@U?$_Tree_simple_types@U?$pair@$$CBV?$basic_string@_WU?$char_traits@_W@std@@V?$allocator@_W@2@@std@@V?$shared_ptr@VNameValue@yloader@@@2@@std@@@std@@@std@@@2@ABV?$basic_string@_WU?$char_traits@_W@std@@V?$allocator@_W@2@@2@@Z (public: class std::_Tree_const_iterator<class std::_Tree_val<struct std::_Tree_simple_types<struct std::pair<class std::basic_string<wchar_t,struct std::char_traits<wchar_t>,class std::allocator<wchar_t> > const ,class std::shared_ptr<class yloader::NameValue> > > > > __thiscall std::_Tree<class std::_Tmap_traits<class std::basic_string<wchar_t,struct std::char_traits<wchar_t>,class std::allocator<wchar_t> >,class std::shared_ptr<class yloader::NameValue>,struct std::less<class std::basic_string<wchar_t,struct std::char_traits<wchar_t>,class std::allocator<wchar_t> > >,class std::allocator<struct std::pair<class std::basic_string<wchar_t,struct std::char_traits<wchar_t>,class std::allocator<wchar_t> > const ,class std::shared_ptr<class yloader::NameValue> > >,1> >::upper_bound(class std::basic_string<wchar_t,struct std::char_traits<wchar_t>,class std::allocator<wchar_t> > const &)const )
      152    ?value_comp@?$_Tree@V?$_Tmap_traits@V?$basic_string@_WU?$char_traits@_W@std@@V?$allocator@_W@2@@std@@V?$shared_ptr@VNameValue@yloader@@@2@U?$less@V?$basic_string@_WU?$char_traits@_W@std@@V?$allocator@_W@2@@std@@@2@V?$allocator@U?$pair@$$CBV?$basic_string@_WU?$char_traits@_W@std@@V?$allocator@_W@2@@std@@V?$shared_ptr@VNameValue@yloader@@@2@@std@@@2@$00@std@@@std@@QBE?AVvalue_compare@?$_Tmap_traits@V?$basic_string@_WU?$char_traits@_W@std@@V?$allocator@_W@2@@std@@V?$shared_ptr@VNameValue@yloader@@@2@U?$less@V?$basic_string@_WU?$char_traits@_W@std@@V?$allocator@_W@2@@std@@@2@V?$allocator@U?$pair@$$CBV?$basic_string@_WU?$char_traits@_W@std@@V?$allocator@_W@2@@std@@V?$shared_ptr@VNameValue@yloader@@@2@@std@@@2@$00@2@XZ (public: class std::_Tmap_traits<class std::basic_string<wchar_t,struct std::char_traits<wchar_t>,class std::allocator<wchar_t> >,class std::shared_ptr<class yloader::NameValue>,struct std::less<class std::basic_string<wchar_t,struct std::char_traits<wchar_t>,class std::allocator<wchar_t> > >,class std::allocator<struct std::pair<class std::basic_string<wchar_t,struct std::char_traits<wchar_t>,class std::allocator<wchar_t> > const ,class std::shared_ptr<class yloader::NameValue> > >,1>::value_compare __thiscall std::_Tree<class std::_Tmap_traits<class std::basic_string<wchar_t,struct std::char_traits<wchar_t>,class std::allocator<wchar_t> >,class std::shared_ptr<class yloader::NameValue>,struct std::less<class std::basic_string<wchar_t,struct std::char_traits<wchar_t>,class std::allocator<wchar_t> > >,class std::allocator<struct std::pair<class std::basic_string<wchar_t,struct std::char_traits<wchar_t>,class std::allocator<wchar_t> > const ,class std::shared_ptr<class yloader::NameValue> > >,1> >::value_comp(void)const )
